02-18 15:17:02.824  1089  1089 I hwcomposer: [HWC] getDispDump(), client(1), dpy 1, (400,93,600,293), (200, 200), (1, 2), (-1), (-1), (0xb40000749d97b570)  
02-18 15:17:02.824  1089  1089 I hwcomposer: [DISP_DUMP] setDumpBuf(), client(1), dpy(0), src(400, 93, 600, 293), dst(200, 200), (1, 2), -1, (-1), (0xb40000749d97b570)  
02-18 15:17:02.824  1089  1089 I hwcomposer: [HWC] (0)fire a callback of refresh to SF[9]  
02-18 15:17:02.837  1197  1197 D CompositionEngine: AodOverrideCEHelper 1 setEnabled
02-18 15:17:02.838  1197  1197 E HwcComposer: presentOrValidateDisplay 0 presentFence:-1
02-18 15:17:02.838  1089  1089 D libcomposer_ext: DeviceImplAidl::DeviceClientContextAidl::NotifyDispDumpReady(), client_handle:1, buffer:0xb40000749d979710, fence:156, period16666667
02-18 15:17:02.838  1506  2192 D libcomposer_ext: ClientCallbackAidl::asyncPerform(15)
02-18 15:17:02.838  1506  2192 D libcomposer_ext: ClientImplAidl::ParseNotifyDispDumpReady()
02-18 15:17:02.867  1096  1154 D HfLooper: sensor 33171111 = 4546.000000 38.000000 0.000000 0.000000 0.000000 0.000000
02-18 15:17:02.869  1506  2192 D libcomposer_ext: ClientImplAidl::getDispDumpEnable()
02-18 15:17:02.869  1089  1089 D libcomposer_ext: DeviceImplAidl::syncPerform(13), client_handle: 1
02-18 15:17:02.869  1089  1089 D libcomposer_ext: DeviceImplAidl::DeviceClientContextAidl::ParseGetDispDumpEnable()
02-18 15:17:02.869  1089  1089 I hwcomposer: [HWC] getDispDumpEnable(), client(1), dpy 1, enable 0, (0,0,200,200), (200, 200), 3  
02-18 15:17:02.869  1089  1089 I hwcomposer: [DISP_DUMP] setEnable(), client(1), dpy(0), enable 0/1, src(0, 0, 200, 200), dst(200, 200), fmt 0x3  
02-18 15:17:02.869  1089  1089 I hwcomposer: [HWC] getDispDumpEnable(), register to client callback with client(1), disp(0)  
02-18 15:17:02.869  1506  2192 D libsensor-frameBufferManager: frameBufferManager_sensor_debug : getDispDump_Disable ret = 0
02-18 15:17:02.870  1506  2196 D libsensor-parseRGB: the value of RGB [46.252124 32.535382 10.272637], powPara: 1.525000
02-18 15:17:02.917  1096  1154 D HfLooper: sensor 33171111 = 4545.000000 38.000000 0.000000 0.000000 0.000000 0.000000
02-18 15:17:02.925  1427  2049 D BufferPoolAccessor2.0: bufferpool2 0xb4000072821be278 : 0(0 size) total buffers - 0(0 size) used buffers - 53/56 (recycle/alloc) - 3/55 (fetch/transfer)
02-18 15:17:02.925  1427  2049 D BufferPoolAccessor2.0: evictor expired: 3, evicted: 1
02-18 15:17:02.926  1404 15927 D BufferPoolAccessor2.0: bufferpool2 0xb400007cedde95c8 : 0(0 size) total buffers - 0(0 size) used buffers - 53/61 (recycle/alloc) - 8/116 (fetch/transfer)
02-18 15:17:02.926  1404 15927 D BufferPoolAccessor2.0: evictor expired: 1, evicted: 1
02-18 15:17:02.927 32345 32508 D BufferPoolAccessor2.0: evictor expired: 5, evicted: 0
02-18 15:17:02.943  1089  1592 I hwcomposer: [HWC] (0)fire a callback of refresh to SF[4]  
02-18 15:17:02.954  1197  1197 D CompositionEngine: AodOverrideCEHelper 1 setEnabled
02-18 15:17:02.954  1197  1197 E HwcComposer: presentOrValidateDisplay 0 presentFence:-1
02-18 15:17:02.967  1096  1154 D HfLooper: sensor 33171111 = 4546.000000 38.000000 0.000000 0.000000 0.000000 0.000000
02-18 15:17:02.968  1506  2201 D libsensor-displayalgo: Write:the value of channelCali ALS:0.0,IR:0.6,scales:1.000000, hsv: 33.891430
02-18 15:17:02.968  1506  2201 D libsensor-displayalgo: ScreenId = 0
02-18 15:17:02.988  1863  2242 D InetDiagMessage: Destroyed 0 sockets, proto=IPPROTO_TCP, family=AF_INET, states=14
02-18 15:17:02.989  1863  2242 D InetDiagMessage: Destroyed 0 sockets, proto=IPPROTO_TCP, family=AF_INET6, states=14
02-18 15:17:02.989  1863  2242 D InetDiagMessage: Destroyed live tcp sockets for uids={10243} in 2ms
02-18 15:17:02.989  1863  2242 D InetDiagMessage: Destroyed 0 sockets, proto=IPPROTO_TCP, family=AF_INET, states=14
02-18 15:17:02.990  1863  2242 D InetDiagMessage: Destroyed 0 sockets, proto=IPPROTO_TCP, family=AF_INET6, states=14
02-18 15:17:02.990  1863  2242 D InetDiagMessage: Destroyed live tcp sockets for uids={20243} in 1ms
02-18 15:17:02.991  1863  2242 D InetDiagMessage: Destroyed 0 sockets, proto=IPPROTO_TCP, family=AF_INET, states=14
02-18 15:17:02.992  1863  2242 D InetDiagMessage: Destroyed 0 sockets, proto=IPPROTO_TCP, family=AF_INET6, states=14
02-18 15:17:02.992  1863  2242 D InetDiagMessage: Destroyed live tcp sockets for uids={10084} in 2ms
02-18 15:17:02.992  1863  2242 D InetDiagMessage: Destroyed 0 sockets, proto=IPPROTO_TCP, family=AF_INET, states=14
02-18 15:17:02.993  1863  2242 D InetDiagMessage: Destroyed 0 sockets, proto=IPPROTO_TCP, family=AF_INET6, states=14
02-18 15:17:02.993  1863  2242 D InetDiagMessage: Destroyed live tcp sockets for uids={20084} in 1ms
02-18 15:17:03.010  1863  3574 I NetworkAccelerateSwitchService: EVENT_RSSI_POLL. mRssiPoll=true
02-18 15:17:03.010  2466  2471 D WifiHAL : WifiRequest::create vendor command to iface 36, vendor_id=0x1a11, subcmd=0x1200, res=0
02-18 15:17:03.010  2466  2471 I WifiHAL : WifiCommand::requestResponse err=-14
02-18 15:17:03.010  1863  3574 E WifiStaIfaceAidlImpl: getLinkLayerStats failed with service-specific exception: android.os.ServiceSpecificException: unknown (code 9)
02-18 15:17:03.010  1863  3574 E NetworkSDKService: mMiuiWlanLayerQoE == null
02-18 15:17:03.010  1863  3574 I NetworkAccelerateSwitchService: checkWifiRssiAndLinkSpeed rssi:41
02-18 15:17:03.010  1863  3574 I NetworkAccelerateSwitchService: checkWifiRssiAndLinkSpeed mWifiFastFade:false mWifiFastFadeAdjustThreshold:false
02-18 15:17:03.010  1863  3574 I NetworkAccelerateSwitchService: getAverageWifiRssi:41
02-18 15:17:03.010  1863  3574 D NetworkAccelerateSwitchService: checkIntervalModeChange mMovementState:false mIntervalMode:0 mIsBadLinkLayerQoE:false mBadLinkLayerQoETimes = 0
02-18 15:17:03.018  1096  1154 D HfLooper: sensor 33171111 = 4545.000000 38.000000 0.000000 0.000000 0.000000 0.000000
02-18 15:17:03.067  1096  1154 D HfLooper: sensor 33171111 = 4547.000000 38.000000 0.000000 0.000000 0.000000 0.000000
02-18 15:17:03.106  1089  1574 I android.hardware.graphics.composer@3.2-service: Sensor: notify citsensorservice to trigger cwb
02-18 15:17:03.106  1506  2192 D libsensor-displayalgo: mframeBufferManager request
02-18 15:17:03.106  1506  2195 D libsensor-frameBufferManager: request dump start
02-18 15:17:03.106  1506  2195 D libcomposer_ext: ClientImplAidl::getDispDumpEnable()
02-18 15:17:03.106  1089  1089 D libcomposer_ext: DeviceImplAidl::syncPerform(13), client_handle: 1
02-18 15:17:03.106  1089  1089 D libcomposer_ext: DeviceImplAidl::DeviceClientContextAidl::ParseGetDispDumpEnable()
02-18 15:17:03.106  1089  1089 I hwcomposer: [HWC] getDispDumpEnable(), client(1), dpy 1, enable 1, (0,0,200,200), (200, 200), 3  
02-18 15:17:03.106  1089  1089 I hwcomposer: [DISP_DUMP] setEnable(), client(1), dpy(0), enable 1/0, src(0, 0, 200, 200), dst(200, 200), fmt 0x3  
02-18 15:17:03.106  1089  1089 I hwcomposer: [HWC] getDispDumpEnable(), register to client callback with client(1), disp(0)  
02-18 15:17:03.106  1506  2195 D libsensor-frameBufferManager: frameBufferManager_sensor_debug : first_time getDispDump Enable ret = 0
02-18 15:17:03.106  1506  2195 D libcomposer_ext: ClientImplAidl::getDispDump(), dpy 1, dst (200, 200), dump_point 1, release_fence -1
02-18 15:17:03.106  1089  1128 D libcomposer_ext: DeviceImplAidl::syncPerform(14), client_handle: 1
02-18 15:17:03.107  1089  1128 D libcomposer_ext: DeviceImplAidl::DeviceClientContextAidl::ParseGetDispDump()
02-18 15:17:03.107  1089  1128 D libcomposer_ext: DeviceImplAidl::ParseGetDispDump(), dpy 1, dst (200, 200), dump_point 1
02-18 15:17:03.107  1089  1128 I hwcomposer: [HWC] getDispDump(), client(1), dpy 1, (400,93,600,293), (200, 200), (1, 2), (-1), (-1), (0xb40000749d97a130)  
02-18 15:17:03.107  1089  1128 I hwcomposer: [DISP_DUMP] setDumpBuf(), client(1), dpy(0), src(400, 93, 600, 293), dst(200, 200), (1, 2), -1, (-1), (0xb40000749d97a130)  
02-18 15:17:03.107  1089  1128 I hwcomposer: [HWC] (0)fire a callback of refresh to SF[9]  
02-18 15:17:03.117  1096  1154 D HfLooper: sensor 33171111 = 4547.000000 38.000000 0.000000 0.000000 0.000000 0.000000
02-18 15:17:03.119  5339  9740 D JavaheapMonitor: Java heap used=25M max=256M, proc: com.mediatek.voicecommand
02-18 15:17:03.120  5339  9740 V JavaheapMonitor: Check java heap usage finished! Next check delay: 300000
02-18 15:17:03.120  1197  1197 D CompositionEngine: AodOverrideCEHelper 1 setEnabled
02-18 15:17:03.121  1197  1197 E HwcComposer: presentOrValidateDisplay 0 presentFence:-1
02-18 15:17:03.122  1089  1128 D libcomposer_ext: DeviceImplAidl::DeviceClientContextAidl::NotifyDispDumpReady(), client_handle:1, buffer:0xb40000749d97b570, fence:156, period16666667
02-18 15:17:03.122  1506  2192 D libcomposer_ext: ClientCallbackAidl::asyncPerform(15)
02-18 15:17:03.122  1506  2192 D libcomposer_ext: ClientImplAidl::ParseNotifyDispDumpReady()
02-18 15:17:03.122  1089  1574 I android.hardware.graphics.composer@3.2-service: Sensor: notify citsensorservice to trigger cwb
02-18 15:17:03.122  1506  2228 D libsensor-displayalgo: mframeBufferManager request
02-18 15:17:03.122  1506  2195 D libsensor-frameBufferManager: request dump start
02-18 15:17:03.122  1506  2195 D libcomposer_ext: ClientImplAidl::getDispDumpEnable()
02-18 15:17:03.122  1089  1128 D libcomposer_ext: DeviceImplAidl::syncPerform(13), client_handle: 1
02-18 15:17:03.122  1089  1128 D libcomposer_ext: DeviceImplAidl::DeviceClientContextAidl::ParseGetDispDumpEnable()
02-18 15:17:03.122  1089  1128 I hwcomposer: [HWC] getDispDumpEnable(), client(1), dpy 1, enable 1, (0,0,200,200), (200, 200), 3  
02-18 15:17:03.122  1089  1128 I hwcomposer: [DISP_DUMP] setEnable(), client(1), dpy(0), enable 1/1, src(0, 0, 200, 200), dst(200, 200), fmt 0x3  
02-18 15:17:03.122  1089  1128 I hwcomposer: [HWC] getDispDumpEnable(), register to client callback with client(1), disp(0)  
02-18 15:17:03.122  1506  2195 D libsensor-frameBufferManager: frameBufferManager_sensor_debug : first_time getDispDump Enable ret = 0
02-18 15:17:03.122  1506  2195 D libcomposer_ext: ClientImplAidl::getDispDump(), dpy 1, dst (200, 200), dump_point 1, release_fence -1
02-18 15:17:03.123  1089  1089 D libcomposer_ext: DeviceImplAidl::syncPerform(14), client_handle: 1
02-18 15:17:03.123  1089  1089 D libcomposer_ext: DeviceImplAidl::DeviceClientContextAidl::ParseGetDispDump()
02-18 15:17:03.123  1089  1089 D libcomposer_ext: DeviceImplAidl::ParseGetDispDump(), dpy 1, dst (200, 200), dump_point 1
02-18 15:17:03.123  1089  1089 I hwcomposer: [HWC] getDispDump(), client(1), dpy 1, (400,93,600,293), (200, 200), (1, 2), (-1), (-1), (0xb40000749d979710)  
02-18 15:17:03.123  1089  1089 I hwcomposer: [DISP_DUMP] setDumpBuf(), client(1), dpy(0), src(400, 93, 600, 293), dst(200, 200), (1, 2), -1, (-1), (0xb40000749d979710)  
02-18 15:17:03.123  1089  1089 I hwcomposer: [HWC] (0)fire a callback of refresh to SF[9]  
02-18 15:17:03.137  1197  1197 D CompositionEngine: AodOverrideCEHelper 1 setEnabled
02-18 15:17:03.137  1197  1197 E HwcComposer: presentOrValidateDisplay 0 presentFence:-1
02-18 15:17:03.138  1089  1089 I hwcomposer: [HWCDisplay] [Display_0 (type:1, mode:2)] fps:40.405533,dur:1014.71,max:166.27,min:15.35  
02-18 15:17:03.138  1089  1089 D libcomposer_ext: DeviceImplAidl::DeviceClientContextAidl::NotifyDispDumpReady(), client_handle:1, buffer:0xb40000749d97a130, fence:174, period16666667
02-18 15:17:03.152  1506  2192 D libcomposer_ext: ClientImplAidl::getDispDumpEnable()
02-18 15:17:03.152  1089  1089 D libcomposer_ext: DeviceImplAidl::syncPerform(13), client_handle: 1
02-18 15:17:03.152  1089  1089 D libcomposer_ext: DeviceImplAidl::DeviceClientContextAidl::ParseGetDispDumpEnable()
02-18 15:17:03.152  1089  1089 I hwcomposer: [HWC] getDispDumpEnable(), client(1), dpy 1, enable 0, (0,0,200,200), (200, 200), 3  
02-18 15:17:03.152  1089  1089 I hwcomposer: [DISP_DUMP] setEnable(), client(1), dpy(0), enable 0/1, src(0, 0, 200, 200), dst(200, 200), fmt 0x3  
02-18 15:17:03.152  1089  1089 I hwcomposer: [HWC] getDispDumpEnable(), register to client callback with client(1), disp(0)  
02-18 15:17:03.153  1506  2192 D libsensor-frameBufferManager: frameBufferManager_sensor_debug : getDispDump_Disable ret = 0
02-18 15:17:03.153  1506  2192 D libcomposer_ext: ClientCallbackAidl::asyncPerform(15)
02-18 15:17:03.153  1506  2192 D libcomposer_ext: ClientImplAidl::ParseNotifyDispDumpReady()
02-18 15:17:03.153  1506  2196 D libsensor-parseRGB: the value of RGB [46.252124 32.535382 10.272637], powPara: 1.525000
02-18 15:17:03.167  1096  1154 D HfLooper: sensor 33171111 = 4551.000000 38.000000 0.000000 0.000000 0.000000 0.000000
02-18 15:17:03.169  1506  2192 D libcomposer_ext: ClientImplAidl::getDispDumpEnable()
02-18 15:17:03.169  1089  1089 D libcomposer_ext: DeviceImplAidl::syncPerform(13), client_handle: 1
02-18 15:17:03.169  1089  1089 D libcomposer_ext: DeviceImplAidl::DeviceClientContextAidl::ParseGetDispDumpEnable()
02-18 15:17:03.169  1089  1089 I hwcomposer: [HWC] getDispDumpEnable(), client(1), dpy 1, enable 0, (0,0,200,200), (200, 200), 3  
02-18 15:17:03.169  1089  1089 I hwcomposer: [DISP_DUMP] setEnable(), client(1), dpy(0), enable 0/0, src(0, 0, 200, 200), dst(200, 200), fmt 0x3  
02-18 15:17:03.169  1089  1089 I hwcomposer: [HWC] getDispDumpEnable(), register to client callback with client(1), disp(0)  
02-18 15:17:03.169  1506  2192 D libsensor-frameBufferManager: frameBufferManager_sensor_debug : getDispDump_Disable ret = 0
02-18 15:17:03.170  1506  2196 D libsensor-parseRGB: the value of RGB [46.252124 32.535382 10.272637], powPara: 1.525000
02-18 15:17:03.189 16134  8530 W AOSP-MdnsDiscoveryManag: Error while decoding multicast packet (11456): 1 [CONTEXT service_id=168 ]
02-18 15:17:03.213  1296  1493 D connsyslogger: SD_LOG_ROOT is /data/debuglogger/connsyslog/fw.
02-18 15:17:03.213  1296  1493 D connsyslogger: systemReady:1
02-18 15:17:03.213 32345 32513 I VA_AivsSDK-[AIVS 6707-CertMngThread] certManager: checkCertRefresh: need refresh. ts: 1771399023213
02-18 15:17:03.214 32345 32513 I VA_AivsSDK-[AIVS 6707-CertMngThread] certManager: notifyStatus:CHECK_DONE_NEED_REQUEST
02-18 15:17:03.218 32345 32513 I VA_AivsSDK-[AIVS 6707-CertMngThread] certManager: periodicCheck done, next check time:1771320508416
02-18 15:17:03.218 32345 32513 I VA_AivsSDK-[AIVS 6707-CertMngThread] certManager: send certmng status: CHECK_DONE_NEED_REQUEST
02-18 15:17:03.218 32345 32513 I VA_AivsSDK-[AIVS 6707-CertMngThread] certManager: requestCertRefresh: start to request.
02-18 15:17:03.222  1096  1154 D HfLooper: sensor 33171111 = 4551.000000 38.000000 0.000000 0.000000 0.000000 0.000000
02-18 15:17:03.239  1089  1592 I hwcomposer: [HWC] (0)fire a callback of refresh to SF[4]  
02-18 15:17:03.254  1197  1197 D CompositionEngine: AodOverrideCEHelper 1 setEnabled
02-18 15:17:03.254  1197  1197 E HwcComposer: presentOrValidateDisplay 0 presentFence:-1
02-18 15:17:03.255  1197  1197 I BufferQueueProducer: [FramebufferSurface](this:0xb400006f8e4f9c50,id:-1,api:1,p:1197,c:1197) queueBuffer: fps=13.25 dur=1132.07 max=499.72 min=15.98
02-18 15:17:03.257 16134  8530 W AOSP-MdnsDiscoveryManag: Error while decoding multicast packet (11457): 1 [CONTEXT service_id=168 ]
02-18 15:17:03.267  1096  1154 D HfLooper: sensor 33171111 = 4550.000000 38.000000 0.000000 0.000000 0.000000 0.000000
02-18 15:17:03.268  1506  2201 D libsensor-displayalgo: ScreenId = 0
02-18 15:17:03.315  1419  1517 E mtk_storageproxyd: ipc-trustonic: ipc_trustonic_connect: retry left 5
02-18 15:17:03.315  1419  1517 E mtk_storageproxyd: ipc-trustonic: ipc_trustonic_connect: Unable to resolve family name (-12)
02-18 15:17:03.317  1096  1154 D HfLooper: sensor 33171111 = 4547.000000 38.000000 0.000000 0.000000 0.000000 0.000000
02-18 15:17:03.367  1096  1154 D HfLooper: sensor 33171111 = 4551.000000 38.000000 0.000000 0.000000 0.000000 0.000000
02-18 15:17:03.409 32345 32513 I VA_AivsSDK-[AIVS 6707-CertMngThread] certManager: requestCertRefresh: get response.
02-18 15:17:03.409 32345 32513 I VA_AivsSDK-[AIVS 6707-CertMngThread] certManager: updateInterval: get interval:30
02-18 15:17:03.410 32345 32513 I VA_AivsSDK-[AIVS 6707-CertMngThread] certManager: save certs.
02-18 15:17:03.410 32345 32513 I VA_AivsSDK-[AIVS 6707-CertMngThread] certManager: delete invalid certs.
02-18 15:17:03.410 32345 32513 I VA_AivsSDK-[AIVS 6707-CertMngThread] certManager: notifyStatus:REQUEST_DONE_NO_UPDATE
02-18 15:17:03.410 32345 32513 I VA_AivsSDK-[AIVS 6707-CertMngThread] certManager: send certmng status: REQUEST_DONE_NO_UPDATE
02-18 15:17:03.420  1096  1154 D HfLooper: sensor 33171111 = 4552.000000 38.000000 0.000000 0.000000 0.000000 0.000000
02-18 15:17:03.424  6481 11816 D JavaheapMonitor: Java heap used=10M max=256M, proc: com.lbe.security.miui
02-18 15:17:03.424  6481 11816 V JavaheapMonitor: Check java heap usage finished! Next check delay: 300000
02-18 15:17:03.466  1096  1154 D HfLooper: sensor 33171111 = 4551.000000 38.000000 0.000000 0.000000 0.000000 0.000000
02-18 15:17:03.517  1096  1154 D HfLooper: sensor 33171111 = 4550.000000 38.000000 0.000000 0.000000 0.000000 0.000000
02-18 15:17:03.567  1096  1154 D HfLooper: sensor 33171111 = 4548.000000 38.000000 0.000000 0.000000 0.000000 0.000000
02-18 15:17:03.623  1096  1154 D HfLooper: sensor 33171111 = 4547.000000 38.000000 0.000000 0.000000 0.000000 0.000000
02-18 15:17:03.667  1096  1154 D HfLooper: sensor 33171111 = 4549.000000 38.000000 0.000000 0.000000 0.000000 0.000000
02-18 15:17:03.717  1096  1154 D HfLooper: sensor 33171111 = 4550.000000 38.000000 0.000000 0.000000 0.000000 0.000000
02-18 15:17:03.767  1096  1154 D HfLooper: sensor 33171111 = 4546.000000 38.000000 0.000000 0.000000 0.000000 0.000000
02-18 15:17:03.768  1423  2237 D AALLightSensor: oldLux=59 [SA:-1 LA:-1] newLux=59 (oriLux: 59)
02-18 15:17:03.782  8486  8486 I adbd    : in ShellService: export ANDROID_LOG_TAGS=''; exec logcat '-d'
02-18 15:17:03.821  1096  1154 D HfLooper: sensor 33171111 = 4550.000000 38.000000 0.000000 0.000000 0.000000 0.000000
02-18 15:17:03.823  1506  2201 D libsensor-displayalgo: ScreenId = 0
02-18 15:17:03.867  1096  1154 D HfLooper: sensor 33171111 = 4551.000000 38.000000 0.000000 0.000000 0.000000 0.000000
02-18 15:17:03.869  1506  2201 D libsensor-displayalgo: ScreenId = 0
02-18 15:17:03.918  1096  1154 D HfLooper: sensor 33171111 = 4547.000000 38.000000 0.000000 0.000000 0.000000 0.000000
02-18 15:17:03.919  1506  2201 D libsensor-displayalgo: ScreenId = 0
02-18 15:17:03.967  1096  1154 D HfLooper: sensor 33171111 = 4542.000000 38.000000 0.000000 0.000000 0.000000 0.000000
02-18 15:17:03.969  1506  2201 D libsensor-displayalgo: Write:the value of channelCali ALS:0.0,IR:0.6,scales:1.000000, hsv: 33.891430
02-18 15:17:03.969  1506  2201 D libsensor-displayalgo: ScreenId = 0
02-18 15:17:03.984  3469  4556 D JavaheapMonitor: Java heap used=8M max=256M, proc: com.xiaomi.bluetooth
02-18 15:17:03.984  3469  4556 V JavaheapMonitor: Check java heap usage finished! Next check delay: 300000
