02-18 15:17:01.241  2690  3263 W BluetoothMetricsLogger: MetricsLogger isn't initialized
02-18 15:17:01.241  2690  3263 V BtGatt.ScanController: onScanResult() - eventType=0x1, addressType=1, address=XX:XX:XX:XX:34:79, primaryPhy=1, secondaryPhy=1, advertisingSid=0x0, txPower=-2, rssi=-84, periodicAdvInt=0x0, originalAddress=00:00:00:00:00:00
02-18 15:17:01.241  2690  3263 V BtGatt.ScanController: Skipping client: permission=true matches=false
02-18 15:17:01.241  2690  3263 V BtGatt.ScanController: Legacy scan, non legacy result; skip.
02-18 15:17:01.241  2690  3263 V BtGatt.ScanController: Legacy scan, non legacy result; skip.
02-18 15:17:01.241  2690  3263 V BtGatt.ScanController: Legacy scan, non legacy result; skip.
02-18 15:17:01.267  1096  1154 D HfLooper: sensor 33171111 = 4828.000000 38.000000 0.000000 0.000000 0.000000 0.000000
02-18 15:17:01.268  1506  2201 D libsensor-displayalgo: ScreenId = 0
02-18 15:17:01.279  2690  3263 W BluetoothMetricsLogger: MetricsLogger isn't initialized
02-18 15:17:01.279  2690  3263 W BluetoothMetricsLogger: MetricsLogger isn't initialized
02-18 15:17:01.279  2690  3263 V BtGatt.ScanController: onScanResult() - eventType=0x1, addressType=1, address=XX:XX:XX:XX:C4:FC, primaryPhy=1, secondaryPhy=1, advertisingSid=0x0, txPower=127, rssi=-92, periodicAdvInt=0x0, originalAddress=00:00:00:00:00:00
02-18 15:17:01.279  2690  3263 V BtGatt.ScanController: Skipping client: permission=true matches=false
02-18 15:17:01.279  2690  3263 V BtGatt.ScanController: Legacy scan, non legacy result; skip.
02-18 15:17:01.279  2690  3263 V BtGatt.ScanController: Legacy scan, non legacy result; skip.
02-18 15:17:01.279  2690  3263 V BtGatt.ScanController: Legacy scan, non legacy result; skip.
02-18 15:17:01.313  1419  1517 E mtk_storageproxyd: ipc-trustonic: ipc_trustonic_connect: retry left 7
02-18 15:17:01.314  1419  1517 E mtk_storageproxyd: ipc-trustonic: ipc_trustonic_connect: Unable to resolve family name (-12)
02-18 15:17:01.317  1096  1154 D HfLooper: sensor 33171111 = 4830.000000 38.000000 0.000000 0.000000 0.000000 0.000000
02-18 15:17:01.318  1506  2201 D libsensor-displayalgo: ScreenId = 0
02-18 15:17:01.367  1096  1154 D HfLooper: sensor 33171111 = 4832.000000 38.000000 0.000000 0.000000 0.000000 0.000000
02-18 15:17:01.368  1506  2201 D libsensor-displayalgo: Write:the value of channelCali ALS:471.2,IR:0.0,scales:1.000000, hsv: -1.000000
02-18 15:17:01.369  1506  2201 D libsensor-displayalgo: ScreenId = 0
02-18 15:17:01.417  1096  1154 D HfLooper: sensor 33171111 = 4829.000000 38.000000 0.000000 0.000000 0.000000 0.000000
02-18 15:17:01.418  1506  2201 D libsensor-displayalgo: ScreenId = 0
02-18 15:17:01.441 16134  8530 W AOSP-MdnsDiscoveryManag: Error while decoding multicast packet (11444): 1 [CONTEXT service_id=168 ]
02-18 15:17:01.467  1096  1154 D HfLooper: sensor 33171111 = 4836.000000 38.000000 0.000000 0.000000 0.000000 0.000000
02-18 15:17:01.468  1506  2201 D libsensor-displayalgo: ScreenId = 0
02-18 15:17:01.516  1096  1154 D HfLooper: sensor 33171111 = 4835.000000 38.000000 0.000000 0.000000 0.000000 0.000000
02-18 15:17:01.518  1506  2201 D libsensor-displayalgo: ScreenId = 0
02-18 15:17:01.526 16134  8530 W AOSP-MdnsDiscoveryManag: Error while decoding multicast packet (11445): 1 [CONTEXT service_id=168 ]
02-18 15:17:01.567  1096  1154 D HfLooper: sensor 33171111 = 4832.000000 38.000000 0.000000 0.000000 0.000000 0.000000
02-18 15:17:01.569  1506  2201 D libsensor-displayalgo: ScreenId = 0
02-18 15:17:01.610 32577 32587 I :actionprovider: This is non sticky GC, maxfree is 33554432 minfree is 8388608
02-18 15:17:01.617  1096  1154 D HfLooper: sensor 33171111 = 4829.000000 39.000000 0.000000 0.000000 0.000000 0.000000
02-18 15:17:01.618  1506  2201 D libsensor-displayalgo: Write:the value of channelCali ALS:471.2,IR:0.0,scales:1.000000, hsv: -1.000000
02-18 15:17:01.618  1506  2201 D libsensor-displayalgo: ScreenId = 0
02-18 15:17:01.624 32577  1538 D JavaheapMonitor: Java heap used=3M max=512M, proc: com.xiaomi.aicr:actionprovider
02-18 15:17:01.624 32577  1538 V JavaheapMonitor: Check java heap usage finished! Next check delay: 300000
02-18 15:17:01.667  1096  1154 D HfLooper: sensor 33171111 = 4830.000000 38.000000 0.000000 0.000000 0.000000 0.000000
02-18 15:17:01.668 32612 32623 I icr:instruction: This is non sticky GC, maxfree is 33554432 minfree is 8388608
02-18 15:17:01.669  1506  2201 D libsensor-displayalgo: ScreenId = 0
02-18 15:17:01.670 32612  1542 D JavaheapMonitor: Java heap used=2M max=512M, proc: com.xiaomi.aicr:instruction
02-18 15:17:01.670 32612  1542 V JavaheapMonitor: Check java heap usage finished! Next check delay: 300000
02-18 15:17:01.687  1863  2225 I MiuiNetworkPolicy: bandwidth: 1 KB/s, Max bandwidth: 18750 KB/s
02-18 15:17:01.717  1096  1154 D HfLooper: sensor 33171111 = 4833.000000 38.000000 0.000000 0.000000 0.000000 0.000000
02-18 15:17:01.718  1506  2201 D libsensor-displayalgo: ScreenId = 0
02-18 15:17:01.731 16134  8530 W AOSP-MdnsDiscoveryManag: Error while decoding multicast packet (11446): 1 [CONTEXT service_id=168 ]
02-18 15:17:01.732 16134  8530 W AOSP-MdnsDiscoveryManag: Error while decoding multicast packet (11448): 1 [CONTEXT service_id=168 ]
02-18 15:17:01.767  1096  1154 D HfLooper: sensor 33171111 = 4832.000000 38.000000 0.000000 0.000000 0.000000 0.000000
02-18 15:17:01.769  1506  2201 D libsensor-displayalgo: ScreenId = 0
02-18 15:17:01.817  1096  1154 D HfLooper: sensor 33171111 = 4831.000000 38.000000 0.000000 0.000000 0.000000 0.000000
02-18 15:17:01.818  1506  2201 D libsensor-displayalgo: ScreenId = 0
02-18 15:17:01.867  1096  1154 D HfLooper: sensor 33171111 = 4829.000000 39.000000 0.000000 0.000000 0.000000 0.000000
02-18 15:17:01.868  1506  2201 D libsensor-displayalgo: Write:the value of channelCali ALS:471.2,IR:0.0,scales:1.000000, hsv: -1.000000
02-18 15:17:01.868  1506  2201 D libsensor-displayalgo: ScreenId = 0
02-18 15:17:01.913  1863  2409 I SmartPower: com.miui.analytics/10141(27272): background->idle(3001ms) R(service start com.miui.analytics/.onetrack.TrackService) adj=100.
02-18 15:17:01.917  1096  1154 D HfLooper: sensor 33171111 = 4831.000000 39.000000 0.000000 0.000000 0.000000 0.000000
02-18 15:17:01.918  1863 24210 D MiuiNM  : invalid statsEntry
02-18 15:17:01.919  1506  2201 D libsensor-displayalgo: ScreenId = 0
02-18 15:17:01.921  1863  2236 E AmlWifiScoreReportInjector: current network is in roaming environment
02-18 15:17:01.923  1863  2236 D MiuiNM  : tcp fail rate reach: 100
02-18 15:17:01.923  1863  2236 W ContextImpl: Calling a method in the system process without a qualified user: android.app.ContextImpl.sendBroadcast:1280 android.content.ContextWrapper.sendBroadcast:522 com.android.server.wifi.MiuiNetworkMonitor.sendBroadcastForNetwork:775 com.android.server.wifi.MiuiNetworkMonitor.notifyNetworkWarning:716 com.android.server.wifi.MiuiNetworkMonitor.evaluateNetworkQoE:628 
02-18 15:17:01.924  1863  1929 D BroadcastQueue: Logging broadcast for android, stopped=false, firstLaunch=false
02-18 15:17:01.925  1427  2049 D BufferPoolAccessor2.0: evictor expired: 1, evicted: 0
02-18 15:17:01.925  1404 15927 D BufferPoolAccessor2.0: evictor expired: 2, evicted: 0
02-18 15:17:01.927 32345 32508 D BufferPoolAccessor2.0: evictor expired: 1, evicted: 0
02-18 15:17:01.967  1096  1154 D HfLooper: sensor 33171111 = 4834.000000 38.000000 0.000000 0.000000 0.000000 0.000000
02-18 15:17:01.968  1506  2201 D libsensor-displayalgo: ScreenId = 0
02-18 15:17:02.017  1096  1154 D HfLooper: sensor 33171111 = 4829.000000 39.000000 0.000000 0.000000 0.000000 0.000000
02-18 15:17:02.018  1506  2201 D libsensor-displayalgo: ScreenId = 0
02-18 15:17:02.034 16134  8530 W AOSP-MdnsDiscoveryManag: Error while decoding multicast packet (11450): 1 [CONTEXT service_id=168 ]
02-18 15:17:02.035 16134  8530 W AOSP-MdnsDiscoveryManag: Error while decoding multicast packet (11452): 1 [CONTEXT service_id=168 ]
02-18 15:17:02.069  1096  1154 D HfLooper: sensor 33171111 = 4831.000000 39.000000 0.000000 0.000000 0.000000 0.000000
02-18 15:17:02.070  1506  2201 D libsensor-displayalgo: ScreenId = 0
02-18 15:17:02.089  2840  2840 E backgroundBlur: setMiViewBlurMode disable com.android.systemui.statusbar.notification.row.NotificationBackgroundView
02-18 15:17:02.089  2840  2840 D AppMiniWindowManager: notificationSettingsManager android
02-18 15:17:02.089  2840  2840 D ExpandableNotificationRowInjector: updateMiniWindowBar: isPinned: false, mIsInModal: false, isHeadsUpAnimatingAway: false, currentStatus: 0
02-18 15:17:02.090  2840  2840 W TouchableRegionManager: onHeadsUpPinnedModeChanged
02-18 15:17:02.090  2840  2840 D AppMiniWindowManager: notificationSettingsManager android
02-18 15:17:02.090  2840  2840 D ExpandableNotificationRowInjector: updateMiniWindowBar: isPinned: false, mIsInModal: false, isHeadsUpAnimatingAway: true, currentStatus: 0
02-18 15:17:02.090  2840  2840 D AppMiniWindowManager: notificationSettingsManager android
02-18 15:17:02.090  2840  2840 E backgroundBlur: setMiViewBlurMode disable com.android.systemui.statusbar.notification.row.NotificationBackgroundView
02-18 15:17:02.106  1863  3012 W AppCompatLetterboxPolicy: start not layout letterbox Window{b6f44ea u0 LauncherOverlayWindow:com.miui.personalassistant}
02-18 15:17:02.106  2840  4088 D MiBridge: requestCpuHighFreq---- uid: 1000 level: 1 timeoutms:2000
02-18 15:17:02.106  1863  3012 D BarFollowAnimation: pairAppearanceRegionAndWin win=Window{db19678 u0 com.miui.home/com.miui.home.launcher.Launcher} 0
02-18 15:17:02.106  2840  4088 D MiBridge: requestCpuHighFreq handle: 1
02-18 15:17:02.106  2840  4088 D CpuBoostUtil: boostCpuToMax:0
02-18 15:17:02.106  1405 23012 W MiuiBooster: "MiuiBoosterService requestCpuHighFreq: 1000, 1, 2000"
02-18 15:17:02.106  1863  3012 D BarFollowAnimation: isAppTaskBarOnTop win:Window{db19678 u0 com.miui.home/com.miui.home.launcher.Launcher} (mCurrentTopTask:Task{32c9345 #569 type=standard A=1000:com.miui.securitycenter nonResizable} : false); (mAssociatedTask:null : false); (mHomeTask:Task{43857e4 #1 type=home} : true); mReparentToOriginParent:true mLastAppBarVisible:false mLastHomeBarVisible:true
02-18 15:17:02.106  1863  3012 D MiuiRefreshRatePolicy: reset
02-18 15:17:02.106  1405 23012 W MiuiBooster: "[OPT-TF-CPU/GPU] Permission not granted : 1000"
02-18 15:17:02.106  2840  2840 D AppMiniWindowManager: notificationSettingsManager android
02-18 15:17:02.107  2499  7571 D SystemGestureExclusionListener: onSystemGestureExclusionChanged: systemGestureExclusion = SkRegion((607,39,673,191)), systemGestureExclusionUnrestricted = null
02-18 15:17:02.104  1197  1197 W binder:1197_5: type=1400 audit(0.0:1466025): avc:  denied  { search } for  name="mcd" dev="dm-57" ino=1171 scontext=u:r:surfaceflinger:s0 tcontext=u:object_r:mcd_data_file:s0 tclass=dir permissive=0
02-18 15:17:02.117  1096  1154 D HfLooper: sensor 33171111 = 4834.000000 39.000000 0.000000 0.000000 0.000000 0.000000
02-18 15:17:02.119  1506  2201 D libsensor-displayalgo: Write:the value of channelCali ALS:471.2,IR:0.0,scales:1.000000, hsv: -1.000000
02-18 15:17:02.119  1506  2201 D libsensor-displayalgo: ScreenId = 0
02-18 15:17:02.121  1197  1197 I BufferQueueProducer: [NotificationShade#18317](this:0xb400006f6e89b8d0,id:-1,api:0,p:-1,c:1197) queueBuffer: fps=0.48 dur=2098.91 max=2098.91 min=2098.91
02-18 15:17:02.121  1197  1197 D CompositionEngine: AodOverrideCEHelper 1 setEnabled
02-18 15:17:02.122  1197  1197 E HwcComposer: presentOrValidateDisplay 0 presentFence:-1
02-18 15:17:02.123  1197  1197 I BufferQueueProducer: [FramebufferSurface](this:0xb400006f8e4f9c50,id:-1,api:1,p:1197,c:1197) queueBuffer: fps=1.43 dur=2098.73 max=1933.18 min=15.49
02-18 15:17:02.123  1089  1089 I hwcomposer: [HWCDisplay] [Display_0 (type:1, mode:2)] fps:1.429501,dur:2098.63,max:1933.22,min:15.38  
02-18 15:17:02.123  1089  1574 I android.hardware.graphics.composer@3.2-service: Sensor: notify citsensorservice to trigger cwb
02-18 15:17:02.123  1506  2192 D libsensor-displayalgo: mframeBufferManager request
02-18 15:17:02.124  1506  2195 D libsensor-frameBufferManager: request dump start
02-18 15:17:02.124  1506  2195 D libcomposer_ext: ClientImplAidl::getDispDumpEnable()
02-18 15:17:02.124  1089  1089 D libcomposer_ext: DeviceImplAidl::syncPerform(13), client_handle: 1
02-18 15:17:02.124  1089  1089 D libcomposer_ext: DeviceImplAidl::DeviceClientContextAidl::ParseGetDispDumpEnable()
02-18 15:17:02.124  1089  1089 I hwcomposer: [HWC] getDispDumpEnable(), client(1), dpy 1, enable 1, (0,0,200,200), (200, 200), 3  
02-18 15:17:02.124  1089  1089 I hwcomposer: [DISP_DUMP] setEnable(), client(1), dpy(0), enable 1/0, src(0, 0, 200, 200), dst(200, 200), fmt 0x3  
02-18 15:17:02.124  1089  1089 I hwcomposer: [HWC] getDispDumpEnable(), register to client callback with client(1), disp(0)  
02-18 15:17:02.124  1506  2195 D libsensor-frameBufferManager: frameBufferManager_sensor_debug : first_time getDispDump Enable ret = 0
02-18 15:17:02.124  1506  2195 D libcomposer_ext: ClientImplAidl::getDispDump(), dpy 1, dst (200, 200), dump_point 1, release_fence -1
02-18 15:17:02.124  1089  1128 D libcomposer_ext: DeviceImplAidl::syncPerform(14), client_handle: 1
02-18 15:17:02.124  1089  1128 D libcomposer_ext: DeviceImplAidl::DeviceClientContextAidl::ParseGetDispDump()
02-18 15:17:02.124  1089  1128 D libcomposer_ext: DeviceImplAidl::ParseGetDispDump(), dpy 1, dst (200, 200), dump_point 1
02-18 15:17:02.124  1089  1128 I hwcomposer: [HWC] getDispDump(), client(1), dpy 1, (400,93,600,293), (200, 200), (1, 2), (-1), (-1), (0xb40000749d97b570)  
02-18 15:17:02.124  1089  1128 I hwcomposer: [DISP_DUMP] setDumpBuf(), client(1), dpy(0), src(400, 93, 600, 293), dst(200, 200), (1, 2), -1, (-1), (0xb40000749d97b570)  
02-18 15:17:02.124  1089  1128 I hwcomposer: [HWC] (0)fire a callback of refresh to SF[9]  
02-18 15:17:02.138  1197  1197 D CompositionEngine: AodOverrideCEHelper 1 setEnabled
02-18 15:17:02.139  1197  1197 E HwcComposer: presentOrValidateDisplay 0 presentFence:-1
02-18 15:17:02.139  1089  1128 D libcomposer_ext: DeviceImplAidl::DeviceClientContextAidl::NotifyDispDumpReady(), client_handle:1, buffer:0xb40000749d979710, fence:213, period16666667
02-18 15:17:02.140  1506  2192 D libcomposer_ext: ClientCallbackAidl::asyncPerform(15)
02-18 15:17:02.140  1506  2192 D libcomposer_ext: ClientImplAidl::ParseNotifyDispDumpReady()
02-18 15:17:02.154  1197  1197 D CompositionEngine: AodOverrideCEHelper 1 setEnabled
02-18 15:17:02.155  1197  1197 E HwcComposer: presentOrValidateDisplay 0 presentFence:-1
02-18 15:17:02.167  1096  1154 D HfLooper: sensor 33171111 = 4832.000000 38.000000 0.000000 0.000000 0.000000 0.000000
02-18 15:17:02.168  1506  2201 D libsensor-displayalgo: ScreenId = 0
02-18 15:17:02.169  1506  2192 D libcomposer_ext: ClientImplAidl::getDispDumpEnable()
02-18 15:17:02.169  1089  1128 D libcomposer_ext: DeviceImplAidl::syncPerform(13), client_handle: 1
02-18 15:17:02.170  1089  1128 D libcomposer_ext: DeviceImplAidl::DeviceClientContextAidl::ParseGetDispDumpEnable()
02-18 15:17:02.170  1089  1128 I hwcomposer: [HWC] getDispDumpEnable(), client(1), dpy 1, enable 0, (0,0,200,200), (200, 200), 3  
02-18 15:17:02.170  1089  1128 I hwcomposer: [DISP_DUMP] setEnable(), client(1), dpy(0), enable 0/1, src(0, 0, 200, 200), dst(200, 200), fmt 0x3  
02-18 15:17:02.170  1089  1128 I hwcomposer: [HWC] getDispDumpEnable(), register to client callback with client(1), disp(0)  
02-18 15:17:02.170  1506  2192 D libsensor-frameBufferManager: frameBufferManager_sensor_debug : getDispDump_Disable ret = 0
02-18 15:17:02.170  1506  2196 D libsensor-parseRGB: the value of RGB [194.940577 192.056384 186.741807], powPara: 1.525000
02-18 15:17:02.171  1197  1197 D CompositionEngine: AodOverrideCEHelper 1 setEnabled
02-18 15:17:02.172  1197  1197 E HwcComposer: presentOrValidateDisplay 0 presentFence:-1
02-18 15:17:02.188  1197  1197 D CompositionEngine: AodOverrideCEHelper 1 setEnabled
02-18 15:17:02.189  1197  1197 E HwcComposer: presentOrValidateDisplay 0 presentFence:-1
02-18 15:17:02.204  1197  1197 D CompositionEngine: AodOverrideCEHelper 1 setEnabled
02-18 15:17:02.205  1197  1197 E HwcComposer: presentOrValidateDisplay 0 presentFence:-1
02-18 15:17:02.217  1096  1154 D HfLooper: sensor 33171111 = 4833.000000 39.000000 0.000000 0.000000 0.000000 0.000000
02-18 15:17:02.221  1197  1197 D CompositionEngine: AodOverrideCEHelper 1 setEnabled
02-18 15:17:02.222  1197  1197 E HwcComposer: presentOrValidateDisplay 0 presentFence:-1
02-18 15:17:02.238  1197  1197 D CompositionEngine: AodOverrideCEHelper 1 setEnabled
02-18 15:17:02.238  1197  1197 E HwcComposer: presentOrValidateDisplay 0 presentFence:-1
02-18 15:17:02.254  1197  1197 D CompositionEngine: AodOverrideCEHelper 1 setEnabled
02-18 15:17:02.255  1197  1197 E HwcComposer: presentOrValidateDisplay 0 presentFence:-1
02-18 15:17:02.267  1096  1154 D HfLooper: sensor 33171111 = 4837.000000 39.000000 0.000000 0.000000 0.000000 0.000000
02-18 15:17:02.268  1506  2201 D libsensor-displayalgo: ScreenId = 0
02-18 15:17:02.271  1197  1197 D CompositionEngine: AodOverrideCEHelper 1 setEnabled
02-18 15:17:02.272  1197  1197 E HwcComposer: presentOrValidateDisplay 0 presentFence:-1
02-18 15:17:02.288  1197  1197 D CompositionEngine: AodOverrideCEHelper 1 setEnabled
02-18 15:17:02.289  1197  1197 E HwcComposer: presentOrValidateDisplay 0 presentFence:-1
02-18 15:17:02.298  1863  2299 D GreezeManager: FZ uid = 10374 reason =check binder success !
02-18 15:17:02.298  1863  2299 I PowerManagerServiceImpl: Partial wakeLock:[PARTIAL_WAKE_LOCK                 'WorkManager:TikTokListenableWorker startWork -> com.google.apps.tiktok.sync.impl.workmanager.SyncPeriodicWorker startWork() -> com.google.apps.tiktok.sync.impl.workmanager.SyncPeriodicWorker startWork() -> NoAccountWorkerFactory startWork()' ACQ=-5s5ms (uid=10374 pid=28765 pkg=com.google.android.googlequicksearchbox)], disabled: true, procState: 8, reason: greeze
02-18 15:17:02.298  1863  2299 I PowerManagerServiceImpl: Partial wakeLock:[PARTIAL_WAKE_LOCK                 'WorkManager:TikTokListenableWorker startWork -> com.google.apps.tiktok.sync.impl.workmanager.SyncPeriodicWorker startWork() -> com.google.apps.tiktok.sync.impl.workmanager.SyncPeriodicWorker startWork() -> NoAccountWorkerFactory startWork()' ACQ=-5s5ms (uid=10374 pid=30651 pkg=com.google.android.googlequicksearchbox)], disabled: true, procState: 8, reason: greeze
02-18 15:17:02.298  1863  2299 I PowerManagerServiceImpl: Partial wakeLock:[PARTIAL_WAKE_LOCK                 '*job*r/@androidx.work.systemjobscheduler@com.google.android.googlequicksearchbox/androidx.work.impl.background.systemjob.SystemJobService' ACQ=-5s5ms (uid=1000 pid=1863 pkg=android ws=WorkSource{ chains=WorkChain{(10374), (1000, JobScheduler)}})], disabled: true, procState: 0, reason: greeze
02-18 15:17:02.298  1863  2299 I PowerManagerServiceImpl: Partial wakeLock:[PARTIAL_WAKE_LOCK                 '*job*r/@androidx.work.systemjobscheduler@com.google.android.googlequicksearchbox/androidx.work.impl.background.systemjob.SystemJobService' ACQ=-5s6ms (uid=1000 pid=1863 pkg=android ws=WorkSource{ chains=WorkChain{(10374), (1000, JobScheduler)}})], disabled: true, procState: 0, reason: greeze
02-18 15:17:02.298  1863  2299 I PowerManagerServiceImpl: Partial wakeLock:[PARTIAL_WAKE_LOCK                 '*job*r/@androidx.work.systemjobscheduler@com.google.android.googlequicksearchbox/androidx.work.impl.background.systemjob.SystemJobService' ACQ=-5s6ms (uid=1000 pid=1863 pkg=android ws=WorkSource{ chains=WorkChain{(10374), (1000, JobScheduler)}})], disabled: true, procState: 0, reason: greeze
02-18 15:17:02.298  1863  2299 I PowerManagerServiceImpl: Partial wakeLock:[PARTIAL_WAKE_LOCK                 '*job*r/@androidx.work.systemjobscheduler@com.google.android.googlequicksearchbox/androidx.work.impl.background.systemjob.SystemJobService' ACQ=-4s619ms (uid=1000 pid=1863 pkg=android ws=WorkSource{ chains=WorkChain{(10374), (1000, JobScheduler)}})], disabled: true, procState: 0, reason: greeze
02-18 15:17:02.299  1863  2298 D GreezeManager: iso uid:10374 p:{30712} :true
02-18 15:17:02.300  1863  2299 D InetDiagMessage: Destroyed 0 sockets, proto=IPPROTO_TCP, family=AF_INET, states=14
02-18 15:17:02.300  1863  2299 D InetDiagMessage: Destroyed 1 sockets, proto=IPPROTO_TCP, family=AF_INET6, states=14
02-18 15:17:02.301  1863  2299 D InetDiagMessage: Destroyed live tcp sockets for uids={10374} in 1ms
02-18 15:17:02.301  1863  2299 D ActionExecute: frozen uid = 10374 reason=check binder
02-18 15:17:02.301  1863  2299 D ExternalInterface: setUidState, uid = 10374 allow = false
02-18 15:17:02.304  1863  3012 D GreezeManager: THAW uid = 10374 pid = [ 28765 30651 ]  reason : Check Binder caller : 1
02-18 15:17:02.304  1863  3012 I PowerManagerServiceImpl: Partial wakeLock:[PARTIAL_WAKE_LOCK                 'WorkManager:TikTokListenableWorker startWork -> com.google.apps.tiktok.sync.impl.workmanager.SyncPeriodicWorker startWork() -> com.google.apps.tiktok.sync.impl.workmanager.SyncPeriodicWorker startWork() -> NoAccountWorkerFactory startWork()' DISABLED (uid=10374 pid=28765 pkg=com.google.android.googlequicksearchbox)], disabled: false, procState: 8, reason: greeze
02-18 15:17:02.304  1863  3012 I PowerManagerServiceImpl: Partial wakeLock:[PARTIAL_WAKE_LOCK                 'WorkManager:TikTokListenableWorker startWork -> com.google.apps.tiktok.sync.impl.workmanager.SyncPeriodicWorker startWork() -> com.google.apps.tiktok.sync.impl.workmanager.SyncPeriodicWorker startWork() -> NoAccountWorkerFactory startWork()' DISABLED (uid=10374 pid=30651 pkg=com.google.android.googlequicksearchbox)], disabled: false, procState: 8, reason: greeze
02-18 15:17:02.304  1863  3012 I PowerManagerServiceImpl: Partial wakeLock:[PARTIAL_WAKE_LOCK                 '*job*r/@androidx.work.systemjobscheduler@com.google.android.googlequicksearchbox/androidx.work.impl.background.systemjob.SystemJobService' DISABLED (uid=1000 pid=1863 pkg=android ws=WorkSource{ chains=WorkChain{(10374), (1000, JobScheduler)}})], disabled: false, procState: 0, reason: greeze
02-18 15:17:02.304  1863  3012 I PowerManagerServiceImpl: Partial wakeLock:[PARTIAL_WAKE_LOCK                 '*job*r/@androidx.work.systemjobscheduler@com.google.android.googlequicksearchbox/androidx.work.impl.background.systemjob.SystemJobService' DISABLED (uid=1000 pid=1863 pkg=android ws=WorkSource{ chains=WorkChain{(10374), (1000, JobScheduler)}})], disabled: false, procState: 0, reason: greeze
02-18 15:17:02.304  1863  3012 I PowerManagerServiceImpl: Partial wakeLock:[PARTIAL_WAKE_LOCK                 '*job*r/@androidx.work.systemjobscheduler@com.google.android.googlequicksearchbox/androidx.work.impl.background.systemjob.SystemJobService' DISABLED (uid=1000 pid=1863 pkg=android ws=WorkSource{ chains=WorkChain{(10374), (1000, JobScheduler)}})], disabled: false, procState: 0, reason: greeze
02-18 15:17:02.304  1863  3012 I PowerManagerServiceImpl: Partial wakeLock:[PARTIAL_WAKE_LOCK                 '*job*r/@androidx.work.systemjobscheduler@com.google.android.googlequicksearchbox/androidx.work.impl.background.systemjob.SystemJobService' DISABLED (uid=1000 pid=1863 pkg=android ws=WorkSource{ chains=WorkChain{(10374), (1000, JobScheduler)}})], disabled: false, procState: 0, reason: greeze
02-18 15:17:02.304  1197  1197 D CompositionEngine: AodOverrideCEHelper 1 setEnabled
02-18 15:17:02.305  1863  3012 D ExternalInterface: setUidState, uid = 10374 allow = true
02-18 15:17:02.306  1863  2298 D GreezeManager: iso uid:10374 p:{30712} :false
02-18 15:17:02.306  1197  1197 E HwcComposer: presentOrValidateDisplay 0 presentFence:-1
02-18 15:17:02.314  1419  1517 E mtk_storageproxyd: ipc-trustonic: ipc_trustonic_connect: retry left 6
02-18 15:17:02.314  1419  1517 E mtk_storageproxyd: ipc-trustonic: ipc_trustonic_connect: Unable to resolve family name (-12)
02-18 15:17:02.317  1096  1154 D HfLooper: sensor 33171111 = 4839.000000 38.000000 0.000000 0.000000 0.000000 0.000000
02-18 15:17:02.321  1197  1197 D CompositionEngine: AodOverrideCEHelper 1 setEnabled
02-18 15:17:02.322  1197  1197 E HwcComposer: presentOrValidateDisplay 0 presentFence:-1
02-18 15:17:02.338  1197  1197 D CompositionEngine: AodOverrideCEHelper 1 setEnabled
02-18 15:17:02.338  1197  1197 E HwcComposer: presentOrValidateDisplay 0 presentFence:-1
02-18 15:17:02.339  1089  1574 I android.hardware.graphics.composer@3.2-service: Sensor: notify citsensorservice to trigger cwb
02-18 15:17:02.339  1506  2192 D libsensor-displayalgo: mframeBufferManager request
02-18 15:17:02.339  1506  2195 D libsensor-frameBufferManager: request dump start
02-18 15:17:02.339  1506  2195 D libcomposer_ext: ClientImplAidl::getDispDumpEnable()
02-18 15:17:02.339  1089  1128 D libcomposer_ext: DeviceImplAidl::syncPerform(13), client_handle: 1
02-18 15:17:02.339  1089  1128 D libcomposer_ext: DeviceImplAidl::DeviceClientContextAidl::ParseGetDispDumpEnable()
02-18 15:17:02.339  1089  1128 I hwcomposer: [HWC] getDispDumpEnable(), client(1), dpy 1, enable 1, (0,0,200,200), (200, 200), 3  
02-18 15:17:02.339  1089  1128 I hwcomposer: [DISP_DUMP] setEnable(), client(1), dpy(0), enable 1/0, src(0, 0, 200, 200), dst(200, 200), fmt 0x3  
02-18 15:17:02.339  1089  1128 I hwcomposer: [HWC] getDispDumpEnable(), register to client callback with client(1), disp(0)  
02-18 15:17:02.340  1506  2195 D libsensor-frameBufferManager: frameBufferManager_sensor_debug : first_time getDispDump Enable ret = 0
02-18 15:17:02.340  1506  2195 D libcomposer_ext: ClientImplAidl::getDispDump(), dpy 1, dst (200, 200), dump_point 1, release_fence -1
02-18 15:17:02.340  1089  1089 D libcomposer_ext: DeviceImplAidl::syncPerform(14), client_handle: 1
02-18 15:17:02.340  1089  1089 D libcomposer_ext: DeviceImplAidl::DeviceClientContextAidl::ParseGetDispDump()
02-18 15:17:02.340  1089  1089 D libcomposer_ext: DeviceImplAidl::ParseGetDispDump(), dpy 1, dst (200, 200), dump_point 1
02-18 15:17:02.340  1089  1089 I hwcomposer: [HWC] getDispDump(), client(1), dpy 1, (400,93,600,293), (200, 200), (1, 2), (-1), (-1), (0xb40000749d97a130)  
02-18 15:17:02.340  1089  1089 I hwcomposer: [DISP_DUMP] setDumpBuf(), client(1), dpy(0), src(400, 93, 600, 293), dst(200, 200), (1, 2), -1, (-1), (0xb40000749d97a130)  
02-18 15:17:02.340  1089  1089 I hwcomposer: [HWC] (0)fire a callback of refresh to SF[9]  
02-18 15:17:02.340  1410  1870 D ULogGuard: Monitoring: 12 threads, 0 requests, 0 time-bombs; 15 guards. ResetFlags = 0x7
02-18 15:17:02.354  1197  1197 D CompositionEngine: AodOverrideCEHelper 1 setEnabled
02-18 15:17:02.355  1197  1197 E HwcComposer: presentOrValidateDisplay 0 presentFence:-1
02-18 15:17:02.356  1089  1089 D libcomposer_ext: DeviceImplAidl::DeviceClientContextAidl::NotifyDispDumpReady(), client_handle:1, buffer:0xb40000749d97b570, fence:211, period16666667
02-18 15:17:02.357  1506  2192 D libcomposer_ext: ClientCallbackAidl::asyncPerform(15)
02-18 15:17:02.357  1506  2192 D libcomposer_ext: ClientImplAidl::ParseNotifyDispDumpReady()
02-18 15:17:02.367  1096  1154 D HfLooper: sensor 33171111 = 4854.000000 38.000000 0.000000 0.000000 0.000000 0.000000
02-18 15:17:02.371  1197  1197 D CompositionEngine: AodOverrideCEHelper 1 setEnabled
02-18 15:17:02.386  1506  2192 D libcomposer_ext: ClientImplAidl::getDispDumpEnable()
02-18 15:17:02.386  1089  1089 D libcomposer_ext: DeviceImplAidl::syncPerform(13), client_handle: 1
02-18 15:17:02.386  1089  1089 D libcomposer_ext: DeviceImplAidl::DeviceClientContextAidl::ParseGetDispDumpEnable()
02-18 15:17:02.386  1089  1089 I hwcomposer: [HWC] getDispDumpEnable(), client(1), dpy 1, enable 0, (0,0,200,200), (200, 200), 3  
02-18 15:17:02.386  1089  1089 I hwcomposer: [DISP_DUMP] setEnable(), client(1), dpy(0), enable 0/1, src(0, 0, 200, 200), dst(200, 200), fmt 0x3  
02-18 15:17:02.386  1089  1089 I hwcomposer: [HWC] getDispDumpEnable(), register to client callback with client(1), disp(0)  
02-18 15:17:02.386  1506  2192 D libsensor-frameBufferManager: frameBufferManager_sensor_debug : getDispDump_Disable ret = 0
02-18 15:17:02.387  1506  2196 D libsensor-parseRGB: the value of RGB [237.818409 237.242240 234.683323], powPara: 1.525000
02-18 15:17:02.388  1197  1197 D CompositionEngine: AodOverrideCEHelper 1 setEnabled
02-18 15:17:02.396  5496 12265 D JavaheapMonitor: Java heap used=6M max=256M, proc: com.xiaomi.xmsf
02-18 15:17:02.396  5496 12265 V JavaheapMonitor: Check java heap usage finished! Next check delay: 300000
02-18 15:17:02.404  1197  1197 D CompositionEngine: AodOverrideCEHelper 1 setEnabled
02-18 15:17:02.418  1096  1154 D HfLooper: sensor 33171111 = 4856.000000 38.000000 0.000000 0.000000 0.000000 0.000000
02-18 15:17:02.421  1197  1197 D CompositionEngine: AodOverrideCEHelper 1 setEnabled
02-18 15:17:02.437  1197  1197 D CompositionEngine: AodOverrideCEHelper 1 setEnabled
02-18 15:17:02.454  1197  1197 D CompositionEngine: AodOverrideCEHelper 1 setEnabled
02-18 15:17:02.467  1096  1154 D HfLooper: sensor 33171111 = 4774.000000 38.000000 0.000000 0.000000 0.000000 0.000000
02-18 15:17:02.468  1506  2201 D libsensor-displayalgo: ScreenId = 0
02-18 15:17:02.471  1197  1197 D CompositionEngine: AodOverrideCEHelper 1 setEnabled
02-18 15:17:02.488  1197  1197 D CompositionEngine: AodOverrideCEHelper 1 setEnabled
02-18 15:17:02.504  1197  1197 D CompositionEngine: AodOverrideCEHelper 1 setEnabled
02-18 15:17:02.517  1096  1154 D HfLooper: sensor 33171111 = 4841.000000 38.000000 0.000000 0.000000 0.000000 0.000000
02-18 15:17:02.521  1197  1197 D CompositionEngine: AodOverrideCEHelper 1 setEnabled
02-18 15:17:02.521  2840  2840 D AppMiniWindowManager: notificationSettingsManager android
02-18 15:17:02.521  2840  2840 D ExpandableNotificationRowInjector: updateMiniWindowBar: isPinned: false, mIsInModal: false, isHeadsUpAnimatingAway: false, currentStatus: 0
02-18 15:17:02.521  2840  2840 D AppMiniWindowManager: notificationSettingsManager android
02-18 15:17:02.521  2840  2840 E backgroundBlur: setMiViewBlurMode disable com.android.systemui.statusbar.notification.row.NotificationBackgroundView
02-18 15:17:02.522  2840  4088 D MiBridge: cancelCpuHighFreq---uid: 1000
02-18 15:17:02.522  2840  4088 D MiBridge: cancelCpuHighFreq ret: 0
02-18 15:17:02.522  2840  4088 D CpuBoostUtil: cancelCpuHighFreq:0
02-18 15:17:02.522  1405 23012 W MiuiBooster: "MiuiBoosterService cancelCpuHighFreq: 1000"
02-18 15:17:02.522  1405 23012 W MiuiBooster: "[OPT-TF-CPU/GPU] Permission not granted : 1000"
02-18 15:17:02.522  2840  2840 D KeyguardPanelViewController: vis=false shouleBe=false BarState=0
02-18 15:17:02.523  2840  2840 D VRI[NotificationShade]: getMiuiFreeformStackInfo mTmpFrames.miuiFreeFormStackInfo: null
02-18 15:17:02.524  1863  3012 W AppCompatLetterboxPolicy: start not layout letterbox Window{b6f44ea u0 LauncherOverlayWindow:com.miui.personalassistant}
02-18 15:17:02.524  1863  3012 D BarFollowAnimation: pairAppearanceRegionAndWin win=Window{db19678 u0 com.miui.home/com.miui.home.launcher.Launcher} 0
02-18 15:17:02.525  1863  3012 D BarFollowAnimation: isAppTaskBarOnTop win:Window{db19678 u0 com.miui.home/com.miui.home.launcher.Launcher} (mCurrentTopTask:Task{32c9345 #569 type=standard A=1000:com.miui.securitycenter nonResizable} : false); (mAssociatedTask:null : false); (mHomeTask:Task{43857e4 #1 type=home} : true); mReparentToOriginParent:true mLastAppBarVisible:false mLastHomeBarVisible:true
02-18 15:17:02.525  1863  3012 D MiuiRefreshRatePolicy: reset
02-18 15:17:02.538  1197  1197 D CompositionEngine: AodOverrideCEHelper 1 setEnabled
02-18 15:17:02.538  1197  1197 E HwcComposer: presentOrValidateDisplay 0 presentFence:-1
02-18 15:17:02.539  2840  2840 D DynamicIslandWindowViewController: handleDynamicIsland: action_heads_up_height_changed
02-18 15:17:02.539  2840  2840 D DynamicIslandTouchDebug: entry: null, headsUpHeight: 0
02-18 15:17:02.539  1089  1574 I android.hardware.graphics.composer@3.2-service: Sensor: notify citsensorservice to trigger cwb
02-18 15:17:02.539  1506  2192 D libsensor-displayalgo: mframeBufferManager request
02-18 15:17:02.540  1506  2195 D libsensor-frameBufferManager: request dump start
02-18 15:17:02.540  1506  2195 D libcomposer_ext: ClientImplAidl::getDispDumpEnable()
02-18 15:17:02.540  1089  1089 D libcomposer_ext: DeviceImplAidl::syncPerform(13), client_handle: 1
02-18 15:17:02.540  1089  1089 D libcomposer_ext: DeviceImplAidl::DeviceClientContextAidl::ParseGetDispDumpEnable()
02-18 15:17:02.540  1089  1089 I hwcomposer: [HWC] getDispDumpEnable(), client(1), dpy 1, enable 1, (0,0,200,200), (200, 200), 3  
02-18 15:17:02.540  1089  1089 I hwcomposer: [DISP_DUMP] setEnable(), client(1), dpy(0), enable 1/0, src(0, 0, 200, 200), dst(200, 200), fmt 0x3  
02-18 15:17:02.540  1089  1089 I hwcomposer: [HWC] getDispDumpEnable(), register to client callback with client(1), disp(0)  
02-18 15:17:02.540  1506  2195 D libsensor-frameBufferManager: frameBufferManager_sensor_debug : first_time getDispDump Enable ret = 0
02-18 15:17:02.540  1506  2195 D libcomposer_ext: ClientImplAidl::getDispDump(), dpy 1, dst (200, 200), dump_point 1, release_fence -1
02-18 15:17:02.540  1089  1128 D libcomposer_ext: DeviceImplAidl::syncPerform(14), client_handle: 1
02-18 15:17:02.540  1089  1128 D libcomposer_ext: DeviceImplAidl::DeviceClientContextAidl::ParseGetDispDump()
02-18 15:17:02.540  1089  1128 D libcomposer_ext: DeviceImplAidl::ParseGetDispDump(), dpy 1, dst (200, 200), dump_point 1
02-18 15:17:02.540  1089  1128 I hwcomposer: [HWC] getDispDump(), client(1), dpy 1, (400,93,600,293), (200, 200), (1, 2), (-1), (-1), (0xb40000749d979710)  
02-18 15:17:02.540  1089  1128 I hwcomposer: [DISP_DUMP] setDumpBuf(), client(1), dpy(0), src(400, 93, 600, 293), dst(200, 200), (1, 2), -1, (-1), (0xb40000749d979710)  
02-18 15:17:02.540  2840  2840 D QS      : setExpanded false
02-18 15:17:02.541  1089  1128 I hwcomposer: [HWC] (0)fire a callback of refresh to SF[9]  
02-18 15:17:02.541  2840  2840 D KeyguardPanelViewInjector: resetKeyguardMoveHelper
02-18 15:17:02.541  2499  7571 D SystemGestureExclusionListener: onSystemGestureExclusionChanged: systemGestureExclusion = SkRegion(), systemGestureExclusionUnrestricted = null
02-18 15:17:02.541  2840  2840 D NotificationPanelExpandController: hide false
02-18 15:17:02.541  2840  2840 D NotificationPanelExpandController: expand height changed to 0.0
02-18 15:17:02.541  2840  2840 W WindowOnBackDispatcher: sendCancelIfRunning: isInProgress=false callback=com.android.systemui.back.domain.interactor.BackActionInteractor$callback$2@ec6f343
02-18 15:17:02.542  1863  5794 D CoreBackPreview: Window{5961967 u0 NotificationShade}: Setting back callback null
02-18 15:17:02.543  2840  2840 D KeyguardViewMediator: readyForKeyguardDone
02-18 15:17:02.543  2840  2840 D ControlCenterControllerImpl: disable1: 0 -> 0 (diff1: 0)
02-18 15:17:02.543  2840  2840 D ControlCenterControllerImpl: disable2: 0 -> 0 (diff1: 0)
02-18 15:17:02.543  2840  2840 D ControlCenterControllerImpl: panelEnabled changed from true to true
02-18 15:17:02.543  2840  2840 D EmptyNotif: setContractedChild: -1|android|17302936|null|1000  null
02-18 15:17:02.543  2840  2840 D NotificationRowContentBinderInjectorImpl: changeToFullAodContext: not need change full aod style
02-18 15:17:02.544  2840  3416 D IconCustomizer: drawableToBitmap: sourceWidth=764, sourceHeight=764, ratio=0.2853403
02-18 15:17:02.545  2840  3416 W Bitmap  : Called getDensity() on a recycle()'d bitmap! This is undefined behavior!
02-18 15:17:02.548  2840  3416 D IconCustomizer: drawableToBitmap: sourceWidth=764, sourceHeight=764, ratio=0.2853403
02-18 15:17:02.549  2840  3416 W Bitmap  : Called getDensity() on a recycle()'d bitmap! This is undefined behavior!
02-18 15:17:02.554  1197  1197 D CompositionEngine: AodOverrideCEHelper 1 setEnabled
02-18 15:17:02.555  1197  1197 E HwcComposer: presentOrValidateDisplay 0 presentFence:-1
02-18 15:17:02.556  1089  1128 D libcomposer_ext: DeviceImplAidl::DeviceClientContextAidl::NotifyDispDumpReady(), client_handle:1, buffer:0xb40000749d97a130, fence:218, period16666667
02-18 15:17:02.556  1506  2192 D libcomposer_ext: ClientCallbackAidl::asyncPerform(15)
02-18 15:17:02.556  1506  2192 D libcomposer_ext: ClientImplAidl::ParseNotifyDispDumpReady()
02-18 15:17:02.557  1863  5794 W AppCompatLetterboxPolicy: start not layout letterbox Window{b6f44ea u0 LauncherOverlayWindow:com.miui.personalassistant}
02-18 15:17:02.558  1863  5794 D BarFollowAnimation: pairAppearanceRegionAndWin win=Window{db19678 u0 com.miui.home/com.miui.home.launcher.Launcher} 0
02-18 15:17:02.558  1863  5794 D BarFollowAnimation: isAppTaskBarOnTop win:Window{db19678 u0 com.miui.home/com.miui.home.launcher.Launcher} (mCurrentTopTask:Task{32c9345 #569 type=standard A=1000:com.miui.securitycenter nonResizable} : false); (mAssociatedTask:null : false); (mHomeTask:Task{43857e4 #1 type=home} : true); mReparentToOriginParent:true mLastAppBarVisible:false mLastHomeBarVisible:true
02-18 15:17:02.559  1863  5794 D MiuiRefreshRatePolicy: reset
02-18 15:17:02.561  2840  2840 W ndroid.systemui: Binder 0xb400007269596d80 destroyed after setInheritRt before being parceled.
02-18 15:17:02.561  1197  4573 I BpBinder: onLastStrongRef automatically unlinking death recipients: 
02-18 15:17:02.561  2840  2840 D BLASTBufferQueue: [VRI[NotificationShade]#2304](f:0,a:5) destructor()
02-18 15:17:02.561  2840  2840 D BufferQueueConsumer: [VRI[NotificationShade]#2304(BLAST Consumer)2304](id:b1800000901,api:0,p:-1,c:2840) disconnect
02-18 15:17:02.564  2840  3416 D LocalImageResolver: Couldn't use ImageDecoder for drawable, falling back to non-resized load.
02-18 15:17:02.567  1096  1154 D HfLooper: sensor 33171111 = 4659.000000 38.000000 0.000000 0.000000 0.000000 0.000000
02-18 15:17:02.572  1197  1197 D CompositionEngine: AodOverrideCEHelper 1 setEnabled
02-18 15:17:02.572  2840  2840 D IconCustomizer: drawableToBitmap: sourceWidth=764, sourceHeight=764, ratio=0.2853403
02-18 15:17:02.572  1197  1197 E HwcComposer: presentOrValidateDisplay 0 presentFence:-1
02-18 15:17:02.574  2840  2840 W Bitmap  : Called getDensity() on a recycle()'d bitmap! This is undefined behavior!
02-18 15:17:02.579  2840  2840 D IconCustomizer: drawableToBitmap: sourceWidth=764, sourceHeight=764, ratio=0.2853403
02-18 15:17:02.581  2840  2840 W Bitmap  : Called getDensity() on a recycle()'d bitmap! This is undefined behavior!
02-18 15:17:02.584  2840  2840 D AlertCoordinator: onViewBound, buzzBeep for -1|android|17302936|null|1000
02-18 15:17:02.586  1506  2192 D libcomposer_ext: ClientImplAidl::getDispDumpEnable()
02-18 15:17:02.586  1089  1128 D libcomposer_ext: DeviceImplAidl::syncPerform(13), client_handle: 1
02-18 15:17:02.586  1089  1128 D libcomposer_ext: DeviceImplAidl::DeviceClientContextAidl::ParseGetDispDumpEnable()
02-18 15:17:02.586  1089  1128 I hwcomposer: [HWC] getDispDumpEnable(), client(1), dpy 1, enable 0, (0,0,200,200), (200, 200), 3  
02-18 15:17:02.586  1089  1128 I hwcomposer: [DISP_DUMP] setEnable(), client(1), dpy(0), enable 0/1, src(0, 0, 200, 200), dst(200, 200), fmt 0x3  
02-18 15:17:02.586  1089  1128 I hwcomposer: [HWC] getDispDumpEnable(), register to client callback with client(1), disp(0)  
02-18 15:17:02.586  1506  2192 D libsensor-frameBufferManager: frameBufferManager_sensor_debug : getDispDump_Disable ret = 0
02-18 15:17:02.587  1197  1197 I SurfaceFlinger: onHandleDestroyed: layerId=18317, name=NotificationShade#18317
02-18 15:17:02.587  1506  2196 D libsensor-parseRGB: the value of RGB [46.252124 32.535382 10.272637], powPara: 1.525000
02-18 15:17:02.587  1197  1197 D CompositionEngine: AodOverrideCEHelper 1 setEnabled
02-18 15:17:02.591  2840  2840 W NotifRow: cancelAppearDrawing childKey: -1|android|26|null|1000 wasDrawing:false
02-18 15:17:02.591  2840  2840 D IconCustomizer: drawableToBitmap: sourceWidth=764, sourceHeight=764, ratio=0.2853403
02-18 15:17:02.592  2840  2840 W Bitmap  : Called getDensity() on a recycle()'d bitmap! This is undefined behavior!
02-18 15:17:02.595  2840  2840 E backgroundBlur: setMiViewBlurMode disable com.android.systemui.statusbar.notification.row.NotificationBackgroundView
02-18 15:17:02.595  2840  2840 D IconCustomizer: drawableToBitmap: sourceWidth=764, sourceHeight=764, ratio=0.2853403
02-18 15:17:02.596  2840  2840 W Bitmap  : Called getDensity() on a recycle()'d bitmap! This is undefined behavior!
02-18 15:17:02.600  2840  2840 W NotifRow: cancelAppearDrawing childKey: -1|android|32|null|1000 wasDrawing:false
02-18 15:17:02.600  2840  2840 D IconCustomizer: drawableToBitmap: sourceWidth=764, sourceHeight=764, ratio=0.2853403
02-18 15:17:02.601  2840  2840 W Bitmap  : Called getDensity() on a recycle()'d bitmap! This is undefined behavior!
02-18 15:17:02.605  1197  1197 D CompositionEngine: AodOverrideCEHelper 1 setEnabled
02-18 15:17:02.600  1197  1197 W binder:1197_5: type=1400 audit(0.0:1466026): avc:  denied  { search } for  name="mcd" dev="dm-57" ino=1171 scontext=u:r:surfaceflinger:s0 tcontext=u:object_r:mcd_data_file:s0 tclass=dir permissive=0
02-18 15:17:02.604  1197  1197 W binder:1197_5: type=1400 audit(0.0:1466027): avc:  denied  { search } for  name="mcd" dev="dm-57" ino=1171 scontext=u:r:surfaceflinger:s0 tcontext=u:object_r:mcd_data_file:s0 tclass=dir permissive=0
02-18 15:17:02.610  2840  2840 D EmptyNotif: setContractedChild: -1|android|26|null|1000  null
02-18 15:17:02.610  2840  2840 D NotificationRowContentBinderInjectorImpl: changeToFullAodContext: not need change full aod style
02-18 15:17:02.608  1197  1197 W binder:1197_5: type=1400 audit(0.0:1466028): avc:  denied  { search } for  name="mcd" dev="dm-57" ino=1171 scontext=u:r:surfaceflinger:s0 tcontext=u:object_r:mcd_data_file:s0 tclass=dir permissive=0
02-18 15:17:02.610  2840  2840 D NotificationRowContentBinderInjectorImpl: changeToFullAodContext: not need change full aod style
02-18 15:17:02.611  2840  3416 D IconCustomizer: drawableToBitmap: sourceWidth=764, sourceHeight=764, ratio=0.2853403
02-18 15:17:02.612  2840  3416 W Bitmap  : Called getDensity() on a recycle()'d bitmap! This is undefined behavior!
02-18 15:17:02.613  2840  2840 D NotificationHeaderExpandController: onExpansionChanged: progress =  0.0
02-18 15:17:02.615  2840  3416 D IconCustomizer: drawableToBitmap: sourceWidth=764, sourceHeight=764, ratio=0.2853403
02-18 15:17:02.617  2840  3416 W Bitmap  : Called getDensity() on a recycle()'d bitmap! This is undefined behavior!
02-18 15:17:02.617  1096  1154 D HfLooper: sensor 33171111 = 4551.000000 38.000000 0.000000 0.000000 0.000000 0.000000
02-18 15:17:02.612  1197  1197 W binder:1197_5: type=1400 audit(0.0:1466029): avc:  denied  { search } for  name="mcd" dev="dm-57" ino=1171 scontext=u:r:surfaceflinger:s0 tcontext=u:object_r:mcd_data_file:s0 tclass=dir permissive=0
02-18 15:17:02.619  2840  3416 D IconCustomizer: drawableToBitmap: sourceWidth=764, sourceHeight=764, ratio=0.2853403
02-18 15:17:02.621  1197  1197 I BufferQueueProducer: [StatusBar#128](this:0xb400006f6e7b7bd0,id:-1,api:0,p:-1,c:1197) queueBuffer: fps=0.38 dur=2598.85 max=2598.85 min=2598.85
02-18 15:17:02.621  2840  3416 W Bitmap  : Called getDensity() on a recycle()'d bitmap! This is undefined behavior!
02-18 15:17:02.621  1197  1197 I BufferQueueProducer: [StatusBar1#133](this:0xb400006f6e81b680,id:-1,api:0,p:-1,c:1197) queueBuffer: fps=0.38 dur=2599.00 max=2599.00 min=2599.00
02-18 15:17:02.621  1197  1197 D CompositionEngine: AodOverrideCEHelper 1 setEnabled
02-18 15:17:02.622  1197  1197 E HwcComposer: presentOrValidateDisplay 0 presentFence:-1
02-18 15:17:02.624  2840  3416 D IconCustomizer: drawableToBitmap: sourceWidth=764, sourceHeight=764, ratio=0.2853403
02-18 15:17:02.626  2840  3416 W Bitmap  : Called getDensity() on a recycle()'d bitmap! This is undefined behavior!
02-18 15:17:02.628  2840  3416 D IconCustomizer: drawableToBitmap: sourceWidth=764, sourceHeight=764, ratio=0.2853403
02-18 15:17:02.629  2840  3416 W Bitmap  : Called getDensity() on a recycle()'d bitmap! This is undefined behavior!
02-18 15:17:02.637  1197  1197 D CompositionEngine: AodOverrideCEHelper 1 setEnabled
02-18 15:17:02.641  2840  2840 D IconCustomizer: drawableToBitmap: sourceWidth=764, sourceHeight=764, ratio=0.2853403
02-18 15:17:02.642  2840  2840 W Bitmap  : Called getDensity() on a recycle()'d bitmap! This is undefined behavior!
02-18 15:17:02.645  2840  2840 D IconCustomizer: drawableToBitmap: sourceWidth=764, sourceHeight=764, ratio=0.2853403
02-18 15:17:02.646  2840  2840 W Bitmap  : Called getDensity() on a recycle()'d bitmap! This is undefined behavior!
02-18 15:17:02.649  2840  2840 D IconCustomizer: drawableToBitmap: sourceWidth=764, sourceHeight=764, ratio=0.2853403
02-18 15:17:02.650  2840  2840 W Bitmap  : Called getDensity() on a recycle()'d bitmap! This is undefined behavior!
02-18 15:17:02.653  2840  2840 D IconCustomizer: drawableToBitmap: sourceWidth=764, sourceHeight=764, ratio=0.2853403
02-18 15:17:02.654  1197  1197 D CompositionEngine: AodOverrideCEHelper 1 setEnabled
02-18 15:17:02.654  2840  2840 W Bitmap  : Called getDensity() on a recycle()'d bitmap! This is undefined behavior!
02-18 15:17:02.656  2840  2840 D IconCustomizer: drawableToBitmap: sourceWidth=764, sourceHeight=764, ratio=0.2853403
02-18 15:17:02.658  2840  2840 W Bitmap  : Called getDensity() on a recycle()'d bitmap! This is undefined behavior!
02-18 15:17:02.662  2840  2840 D IconCustomizer: drawableToBitmap: sourceWidth=764, sourceHeight=764, ratio=0.2853403
02-18 15:17:02.663  2840  2840 W Bitmap  : Called getDensity() on a recycle()'d bitmap! This is undefined behavior!
02-18 15:17:02.665  2840  2840 D IconCustomizer: drawableToBitmap: sourceWidth=764, sourceHeight=764, ratio=0.2853403
02-18 15:17:02.667  1096  1154 D HfLooper: sensor 33171111 = 4546.000000 38.000000 0.000000 0.000000 0.000000 0.000000
02-18 15:17:02.667  2840  2840 W Bitmap  : Called getDensity() on a recycle()'d bitmap! This is undefined behavior!
02-18 15:17:02.669  1506  2201 D libsensor-displayalgo: ScreenId = 0
02-18 15:17:02.669  1506  2201 I libsensor-displayalgo: dbv:15,lux:72.6,hsv:-1.0,dc:0CWB R:346.2,G:202.5,B:34.9Event ALS:4546.0,IR:38.0Cali ALS:0.0,IR:0.6
02-18 15:17:02.669  2840  2840 D IconCustomizer: drawableToBitmap: sourceWidth=764, sourceHeight=764, ratio=0.2853403
02-18 15:17:02.671  2840  2840 W Bitmap  : Called getDensity() on a recycle()'d bitmap! This is undefined behavior!
02-18 15:17:02.673  2840  2840 D IconCustomizer: drawableToBitmap: sourceWidth=764, sourceHeight=764, ratio=0.2853403
02-18 15:17:02.675  2840  2840 W Bitmap  : Called getDensity() on a recycle()'d bitmap! This is undefined behavior!
02-18 15:17:02.688  1197  1197 D CompositionEngine: AodOverrideCEHelper 1 setEnabled
02-18 15:17:02.691  1863  2299 D GreezeManager: FZ uid = 10243 reason =from system success !
02-18 15:17:02.693  1863  2299 D InetDiagMessage: Destroyed 0 sockets, proto=IPPROTO_TCP, family=AF_INET, states=14
02-18 15:17:02.693  1863  2299 D InetDiagMessage: Destroyed 1 sockets, proto=IPPROTO_TCP, family=AF_INET6, states=14
02-18 15:17:02.693  1863  2299 D InetDiagMessage: Destroyed live tcp sockets for uids={10243} in 1ms
02-18 15:17:02.693  1863  2299 D ActionExecute: frozen uid = 10243 reason=from system
02-18 15:17:02.694  1863  2299 D ExternalInterface: setUidState, uid = 10243 allow = false
02-18 15:17:02.704  1197  1197 D CompositionEngine: AodOverrideCEHelper 1 setEnabled
02-18 15:17:02.717  1096  1154 D HfLooper: sensor 33171111 = 4549.000000 38.000000 0.000000 0.000000 0.000000 0.000000
02-18 15:17:02.721  1197  1197 D CompositionEngine: AodOverrideCEHelper 1 setEnabled
02-18 15:17:02.737  1197  1197 D CompositionEngine: AodOverrideCEHelper 1 setEnabled
02-18 15:17:02.767  1096  1154 D HfLooper: sensor 33171111 = 4545.000000 38.000000 0.000000 0.000000 0.000000 0.000000
02-18 15:17:02.807  1089  1592 I hwcomposer: [HWC] (0)fire a callback of refresh to SF[4]  
02-18 15:17:02.820  1096  1154 D HfLooper: sensor 33171111 = 4546.000000 38.000000 0.000000 0.000000 0.000000 0.000000
02-18 15:17:02.821  1197  1197 D CompositionEngine: AodOverrideCEHelper 1 setEnabled
02-18 15:17:02.821  1197  1197 E HwcComposer: presentOrValidateDisplay 0 presentFence:-1
02-18 15:17:02.822  1089  1574 I android.hardware.graphics.composer@3.2-service: Sensor: notify citsensorservice to trigger cwb
02-18 15:17:02.823  1506  2192 D libsensor-displayalgo: mframeBufferManager request
02-18 15:17:02.823  1506  2195 D libsensor-frameBufferManager: request dump start
02-18 15:17:02.823  1506  2195 D libcomposer_ext: ClientImplAidl::getDispDumpEnable()
02-18 15:17:02.823  1089  1128 D libcomposer_ext: DeviceImplAidl::syncPerform(13), client_handle: 1
02-18 15:17:02.824  1089  1128 D libcomposer_ext: DeviceImplAidl::DeviceClientContextAidl::ParseGetDispDumpEnable()
02-18 15:17:02.824  1089  1128 I hwcomposer: [HWC] getDispDumpEnable(), client(1), dpy 1, enable 1, (0,0,200,200), (200, 200), 3  
02-18 15:17:02.824  1089  1128 I hwcomposer: [DISP_DUMP] setEnable(), client(1), dpy(0), enable 1/0, src(0, 0, 200, 200), dst(200, 200), fmt 0x3  
02-18 15:17:02.824  1089  1128 I hwcomposer: [HWC] getDispDumpEnable(), register to client callback with client(1), disp(0)  
02-18 15:17:02.824  1506  2195 D libsensor-frameBufferManager: frameBufferManager_sensor_debug : first_time getDispDump Enable ret = 0
02-18 15:17:02.824  1506  2195 D libcomposer_ext: ClientImplAidl::getDispDump(), dpy 1, dst (200, 200), dump_point 1, release_fence -1
02-18 15:17:02.824  1089  1089 D libcomposer_ext: DeviceImplAidl::syncPerform(14), client_handle: 1
02-18 15:17:02.824  1089  1089 D libcomposer_ext: DeviceImplAidl::DeviceClientContextAidl::ParseGetDispDump()
02-18 15:17:02.824  1089  1089 D libcomposer_ext: DeviceImplAidl::ParseGetDispDump(), dpy 1, dst (200, 200), dump_point 1
