02-18 15:16:57.687  1082  9905 D AudioALSAHardware: -mAudioALSAHardware(0xb400007be2c9f9c0)
02-18 15:16:57.687  1863  2298 I PowerManagerServiceImpl: Partial wakeLock:[PARTIAL_WAKE_LOCK                 '*job*r/com.miui.cleanmaster/com.miui.optimizecenter.cloudcontrol.CloudControlSyncJobService' DISABLED (uid=1000 pid=1863 pkg=android ws=WorkSource{ chains=WorkChain{(10243), (1000, JobScheduler)}})], disabled: false, procState: 0, reason: greeze
02-18 15:16:57.687  1863  2298 D ExternalInterface: setUidState, uid = 10243 allow = true
02-18 15:16:57.687  1168  1378 D AudioFlinger: -thread->setParameters(): io = 13, customStopStreamType=5
02-18 15:16:57.687  1168  1379 V AudioPolicyInterfaceImpl: doStopOutputSamplerate(): client portId 1347, active 0, ActiveClientRefCount 0
02-18 15:16:57.687  1168  1379 V AudioPolicyInterfaceImpl: doReleaseOutput from tid 1379
02-18 15:16:57.687  1863  2138 I SmartPower: com.miui.cleanmaster/10243(31952): idle->background(26087ms) R(service create com.miui.cleanmaster/com.miui.optimizecenter.cloudcontrol.CloudControlSyncJobService) adj=0.
02-18 15:16:57.687  1168  1379 D APM_AudioPolicyManager: releaseOutput portId 1347
02-18 15:16:57.687  1168  1379 D APM_AudioPolicyManager: [MTK_APM_Output]releaseOutput() 13 portId 1347
02-18 15:16:57.687  1168  1379 D APM_AudioPolicyManager: releaseOutput() output 13, stream 5, session 7601 [uid=1000]
02-18 15:16:57.688  1168  1379 D ClientInfoStub: ~ClientInfoStub()
02-18 15:16:57.688  1863  2225 I MiuiNetworkPolicy: updateUidState uid = 10243, uidState = 8
02-18 15:16:57.688  1863  2138 D ActivityManager: Logging bindService for com.miui.cleanmaster, stopped=false, firstLaunch=false
02-18 15:16:57.688  1863  2298 D GreezeCallback: thawedByOther uid=10243 pid=31952
02-18 15:16:57.689  1863  2138 I whetstone.activity: Power Event callback listener is empty for resId=256
02-18 15:16:57.689  1863  2138 D BatteryStatsManagerStub: notifyEvent for resId=256 used 0ms
02-18 15:16:57.691 28765 28765 D WM-SystemJobService: onStartJob for WorkGenerationalId(workSpecId=5cb3e589-f6d5-465c-ba4d-92996c62518f, generation=0)
02-18 15:16:57.692 27929 27929 I Finsky  : [2] acgh.onStartJob(128): SCH: job service start with id 9708.
02-18 15:16:57.692 28765 30593 D WM-Processor: Work WorkGenerationalId(workSpecId=5cb3e589-f6d5-465c-ba4d-92996c62518f, generation=0) is already enqueued for processing
02-18 15:16:57.698 31952 32184 I CloudControlHelper: start loadCloudControlSettings
02-18 15:16:57.698 31952 32184 I CloudControlHelper: loadCloudControlWhiteList
02-18 15:16:57.699 27929  1482 I Finsky  : [6564] kzh.a(256): SCH: Satisfied jobs for 9708 are: 12-1
02-18 15:16:57.700 27929  1502 I Finsky  : [6565] zmh.accept(450): SCH: Job 12-1 starting
02-18 15:16:57.700 27929 27929 I Finsky  : [2] ContentSyncJob.h(14): [ContentSync] job started
02-18 15:16:57.702  1863  2225 I MiuiNetworkPolicy: updateUidState uid = 10084, uidState = 8
02-18 15:16:57.705 27729 27760 I htmlviewercloudcontrol: isStagingEnv:false param =  CleanMasterWhiteList  uriMatch = 2, cluster: cn, version: 661907, traceId: 59ffd4db68e1f83894a4f7c8c606021e, regId: FDVoMXuFFd/QhXQapdOnNZzdDtQEWkfDWd2QiSnnRZ4qxdfg4ZlfgaM5xedtylfH
02-18 15:16:57.711 27729 27760 I htmlviewercloudcontrol: isStagingEnv:false param =  CleanMasterWhiteList  uriMatch = 2, cluster: cn, version: 661907, traceId: 59ffd4db68e1f83894a4f7c8c606021e, regId: FDVoMXuFFd/QhXQapdOnNZzdDtQEWkfDWd2QiSnnRZ4qxdfg4ZlfgaM5xedtylfH
02-18 15:16:57.715  1096  1154 D HfLooper: sensor 33171111 = 4835.000000 38.000000 0.000000 0.000000 0.000000 0.000000
02-18 15:16:57.727 27729 27760 I htmlviewercloudcontrol: isStagingEnv:false param =  CleanMasterWhiteList  uriMatch = 2, cluster: cn, version: 661907, traceId: 59ffd4db68e1f83894a4f7c8c606021e, regId: FDVoMXuFFd/QhXQapdOnNZzdDtQEWkfDWd2QiSnnRZ4qxdfg4ZlfgaM5xedtylfH
02-18 15:16:57.730 27729 27760 I htmlviewercloudcontrol: isStagingEnv:false param =  CleanMasterWhiteList  uriMatch = 2, cluster: cn, version: 661907, traceId: 59ffd4db68e1f83894a4f7c8c606021e, regId: FDVoMXuFFd/QhXQapdOnNZzdDtQEWkfDWd2QiSnnRZ4qxdfg4ZlfgaM5xedtylfH
02-18 15:16:57.743 31952 32184 I CloudControlHelper: loadNotificationPriorityConfig
02-18 15:16:57.745 27729 27760 I htmlviewercloudcontrol: isStagingEnv:false param =  CmNotificationPriorityConfig  uriMatch = 2, cluster: cn, version: 661907, traceId: 59ffd4db68e1f83894a4f7c8c606021e, regId: FDVoMXuFFd/QhXQapdOnNZzdDtQEWkfDWd2QiSnnRZ4qxdfg4ZlfgaM5xedtylfH
02-18 15:16:57.746 31952 31974 I iui.cleanmaster: This is non sticky GC, maxfree is 33554432 minfree is 8388608
02-18 15:16:57.748 27729 27760 I htmlviewercloudcontrol: isStagingEnv:false param =  CmNotificationPriorityConfig  uriMatch = 2, cluster: cn, version: 661907, traceId: 59ffd4db68e1f83894a4f7c8c606021e, regId: FDVoMXuFFd/QhXQapdOnNZzdDtQEWkfDWd2QiSnnRZ4qxdfg4ZlfgaM5xedtylfH
02-18 15:16:57.750 31952  1521 D JavaheapMonitor: Java heap used=2M max=512M, proc: com.miui.cleanmaster
02-18 15:16:57.750 31952  1521 V JavaheapMonitor: Check java heap usage finished! Next check delay: 300000
02-18 15:16:57.751 27729 27760 I htmlviewercloudcontrol: isStagingEnv:false param =  CleanerSettings  uriMatch = 2, cluster: cn, version: 661907, traceId: 59ffd4db68e1f83894a4f7c8c606021e, regId: FDVoMXuFFd/QhXQapdOnNZzdDtQEWkfDWd2QiSnnRZ4qxdfg4ZlfgaM5xedtylfH
02-18 15:16:57.756 27729 27760 I htmlviewercloudcontrol: isStagingEnv:false param =  CleanerSettings  uriMatch = 2, cluster: cn, version: 661907, traceId: 59ffd4db68e1f83894a4f7c8c606021e, regId: FDVoMXuFFd/QhXQapdOnNZzdDtQEWkfDWd2QiSnnRZ4qxdfg4ZlfgaM5xedtylfH
02-18 15:16:57.759 27729 27760 I htmlviewercloudcontrol: isStagingEnv:false param =  CleanerSettings  uriMatch = 2, cluster: cn, version: 661907, traceId: 59ffd4db68e1f83894a4f7c8c606021e, regId: FDVoMXuFFd/QhXQapdOnNZzdDtQEWkfDWd2QiSnnRZ4qxdfg4ZlfgaM5xedtylfH
02-18 15:16:57.762 27729 27760 I htmlviewercloudcontrol: isStagingEnv:false param =  CleanerSettings  uriMatch = 2, cluster: cn, version: 661907, traceId: 59ffd4db68e1f83894a4f7c8c606021e, regId: FDVoMXuFFd/QhXQapdOnNZzdDtQEWkfDWd2QiSnnRZ4qxdfg4ZlfgaM5xedtylfH
02-18 15:16:57.765 27729 27760 I htmlviewercloudcontrol: isStagingEnv:false param =  CleanMasterEngineSettings  uriMatch = 2, cluster: cn, version: 661907, traceId: 59ffd4db68e1f83894a4f7c8c606021e, regId: FDVoMXuFFd/QhXQapdOnNZzdDtQEWkfDWd2QiSnnRZ4qxdfg4ZlfgaM5xedtylfH
02-18 15:16:57.766  1096  1154 D HfLooper: sensor 33171111 = 4835.000000 39.000000 0.000000 0.000000 0.000000 0.000000
02-18 15:16:57.767 31952 32184 I CloudControlHelper: current default engine :
02-18 15:16:57.768 27729 27760 I htmlviewercloudcontrol: isStagingEnv:false param =  CleanMasterEngineSettings  uriMatch = 2, cluster: cn, version: 661907, traceId: 59ffd4db68e1f83894a4f7c8c606021e, regId: FDVoMXuFFd/QhXQapdOnNZzdDtQEWkfDWd2QiSnnRZ4qxdfg4ZlfgaM5xedtylfH
02-18 15:16:57.770 31952 32184 W System.err: org.json.JSONException: End of input at character 0 of 
02-18 15:16:57.774 31952 32184 W System.err: 	at org.json.JSONTokener.syntaxError(JSONTokener.java:469)
02-18 15:16:57.774 31952 32184 W System.err: 	at org.json.JSONTokener.nextValue(JSONTokener.java:101)
02-18 15:16:57.774 31952 32184 W System.err: 	at org.json.JSONArray.<init>(JSONArray.java:127)
02-18 15:16:57.774 31952 32184 W System.err: 	at x1.a.f(SourceFile:70)
02-18 15:16:57.774 31952 32184 W System.err: 	at x1.a.c(SourceFile:17)
02-18 15:16:57.774 31952 32184 W System.err: 	at com.miui.optimizecenter.cloudcontrol.CloudControlSyncJobService$a.a(SourceFile:7)
02-18 15:16:57.774 31952 32184 W System.err: 	at com.miui.optimizecenter.cloudcontrol.CloudControlSyncJobService$a.doInBackground(SourceFile:3)
02-18 15:16:57.774 31952 32184 W System.err: 	at android.os.AsyncTask$3.call(AsyncTask.java:397)
02-18 15:16:57.774 31952 32184 W System.err: 	at java.util.concurrent.FutureTask.run(FutureTask.java:317)
02-18 15:16:57.774 31952 32184 W System.err: 	at java.util.concurrent.ThreadPoolExecutor.runWorker(ThreadPoolExecutor.java:1302)
02-18 15:16:57.774 31952 32184 W System.err: 	at java.util.concurrent.ThreadPoolExecutor$Worker.run(ThreadPoolExecutor.java:677)
02-18 15:16:57.774 31952 32184 W System.err: 	at java.lang.Thread.run(Thread.java:1119)
02-18 15:16:57.774 31952 32184 I CloudControlHelper: loadCloudScanRules
02-18 15:16:57.775 27729 27760 I htmlviewercloudcontrol: isStagingEnv:false param =  CleanerScanRuleSettings  uriMatch = 2, cluster: cn, version: 661907, traceId: 59ffd4db68e1f83894a4f7c8c606021e, regId: FDVoMXuFFd/QhXQapdOnNZzdDtQEWkfDWd2QiSnnRZ4qxdfg4ZlfgaM5xedtylfH
02-18 15:16:57.777 31952 32184 I CloudControlHelper: ruleStr=
02-18 15:16:57.781 27729 27760 I htmlviewercloudcontrol: isStagingEnv:false param =  CleanMasterAppUninstallReminder  uriMatch = 1, cluster: cn, version: 661907, traceId: 59ffd4db68e1f83894a4f7c8c606021e, regId: FDVoMXuFFd/QhXQapdOnNZzdDtQEWkfDWd2QiSnnRZ4qxdfg4ZlfgaM5xedtylfH
02-18 15:16:57.787 31952 32184 D IdProviderImpl: getOAID from com.miui.cleanmaster
02-18 15:16:57.792  1863  2122 D ConnectivityService: Returning UNBLOCKED NetworkInfo to uid=10243
02-18 15:16:57.798 31952 32184 W System  : ClassLoader referenced unknown path: /system/framework/tcmclient.jar
02-18 15:16:57.799 31952 32184 W System  : ClassLoader referenced unknown path: /system/framework/tcmiface.jar
02-18 15:16:57.815  1096  1154 D HfLooper: sensor 33171111 = 4838.000000 38.000000 0.000000 0.000000 0.000000 0.000000
02-18 15:16:57.837  1082 15940 I android.hardware.audio.service.mediatek: misoundfx process numSamples: 480
02-18 15:16:57.866  1096  1154 D HfLooper: sensor 33171111 = 4837.000000 38.000000 0.000000 0.000000 0.000000 0.000000
02-18 15:16:57.886 27929 27938 I android.vending: This is sticky GC, maxfree is 33554432 minfree is 8388608
02-18 15:16:57.888 27929 29664 D JavaheapMonitor: Java heap used=11M max=256M, proc: com.android.vending
02-18 15:16:57.888 27929 29664 V JavaheapMonitor: Check java heap usage finished! Next check delay: 300000
02-18 15:16:57.894  1129  1231 I mtkpower@impl: [powerd_req] TIMER_MSG_PERF_LOCK_TIMEOUT hdl:39388
02-18 15:16:57.894  1129  1231 I libPowerHal: [perfLockRel] hdl:39388, idx:0
02-18 15:16:57.894  1129  1231 I libPowerHal: [unsetGPUFreq] current min:0, max:0; scn_gpu_min:0, scn_gpu_max:-1; scn_gpu_min(HL):-1, scn_gpu_max(HL):-1
02-18 15:16:57.894  1129  1231 I libPowerHal: system_server: set gpu opp level: 46
02-18 15:16:57.894  1129  1231 I libPowerHal: system_server: set gpu opp level max: 0
02-18 15:16:57.895  1129  1231 I libPowerHal: [setGPUFreq] Soft min/max = (46, 0); Hard min/max = (46, 0)
02-18 15:16:57.895  1129  1231 I libPowerHal: [setGPUFreq] final min/max = (46, 0)
02-18 15:16:57.895  1129  1231 I libPowerHal: system_server: set gpu opp level: 46
02-18 15:16:57.895  1129  1231 I libPowerHal: system_server: set gpu opp level max: 0
02-18 15:16:57.896  1129  1231 I libPowerHal: [setDvfsrcDevFreqOpp] opp:1, freq:4212000000
02-18 15:16:57.896  1129  1231 I libPowerHal: [PD] system_server update cmd:1000000 param:1
02-18 15:16:57.910  1863  2120 D ActivityManager: Logging bindService for com.google.android.gms, stopped=false, firstLaunch=false
02-18 15:16:57.910  1863  3012 D ActivityManager: Logging bindService for com.google.android.gms, stopped=false, firstLaunch=false
02-18 15:16:57.916  1096  1154 D HfLooper: sensor 33171111 = 4836.000000 38.000000 0.000000 0.000000 0.000000 0.000000
02-18 15:16:57.930  1863  2417 D PerfMTKStubImpl: perfLockReleaseHandler: 39388
02-18 15:16:57.930  1863  2417 I mtkpower_client: perf_lock_rel, hdl:39388, pid: 1863, tid:2417
02-18 15:16:57.930  1863  2417 D MTKSchedBoost: stopBoostInternal
02-18 15:16:57.931  1129  1231 I libPowerHal: [perfLockRel] hdl:39388, idx:-1
02-18 15:16:57.931  1863  2417 D SchedBoost: thread tid=2840, priority is set to -10
02-18 15:16:57.931  1863  2417 D PerfMTKStubImpl: perfLockReleaseHandler: 0
02-18 15:16:57.931  1863  2417 D MTKSchedBoost: stopBoostInternal
02-18 15:16:57.931  1863  2417 D SchedBoost: thread tid=3259, priority is set to -10
02-18 15:16:57.953  1863  3012 W ActivityManagerServiceImpl: Sending non-protected broadcast com.miui.action.UPDATE_PREDICT_LIST_EXTERNAL from system 21742:com.miui.securitycenter.remote/1000 pkg com.miui.securitycenter. Callers=
02-18 15:16:57.953 21742 22264 D AppPredictWidget: start update widget
02-18 15:16:57.954 21742 24961 D AppPredictWidget: AppPredictWidgetUtils::updateWidget::appWidgetIds = []
02-18 15:16:57.956  2690  3263 W BluetoothMetricsLogger: MetricsLogger isn't initialized
02-18 15:16:57.956  2690  3263 W BluetoothMetricsLogger: MetricsLogger isn't initialized
02-18 15:16:57.956  2690  3263 V BtGatt.ScanController: onScanResult() - eventType=0x1, addressType=1, address=XX:XX:XX:XX:C4:FC, primaryPhy=1, secondaryPhy=1, advertisingSid=0x0, txPower=127, rssi=-88, periodicAdvInt=0x0, originalAddress=00:00:00:00:00:00
02-18 15:16:57.957  2690  3263 V BtGatt.ScanController: Skipping client: permission=true matches=false
02-18 15:16:57.957  2690  3263 V BtGatt.ScanController: Legacy scan, non legacy result; skip.
02-18 15:16:57.957  2690  3263 V BtGatt.ScanController: Legacy scan, non legacy result; skip.
02-18 15:16:57.957  2690  3263 V BtGatt.ScanController: Legacy scan, non legacy result; skip.
02-18 15:16:57.965  1096  1154 D HfLooper: sensor 33171111 = 4836.000000 38.000000 0.000000 0.000000 0.000000 0.000000
02-18 15:16:57.967  2690  3263 W BluetoothMetricsLogger: MetricsLogger isn't initialized
02-18 15:16:57.967  2690  3263 W BluetoothMetricsLogger: MetricsLogger isn't initialized
02-18 15:16:57.967  2690  3263 V BtGatt.ScanController: onScanResult() - eventType=0x1, addressType=1, address=XX:XX:XX:XX:34:79, primaryPhy=1, secondaryPhy=1, advertisingSid=0x0, txPower=-2, rssi=-76, periodicAdvInt=0x0, originalAddress=00:00:00:00:00:00
02-18 15:16:57.967  2690  3263 V BtGatt.ScanController: Skipping client: permission=true matches=false
02-18 15:16:57.967  2690  3263 V BtGatt.ScanController: Legacy scan, non legacy result; skip.
02-18 15:16:57.967  2690  3263 V BtGatt.ScanController: Legacy scan, non legacy result; skip.
02-18 15:16:57.967  2690  3263 V BtGatt.ScanController: Legacy scan, non legacy result; skip.
02-18 15:16:57.977  1863  3012 I whetstone.activity: Power Event callback listener is empty for resId=256
02-18 15:16:57.977  1863  3012 D BatteryStatsManagerStub: notifyEvent for resId=256 used 0ms
02-18 15:16:57.977  1863  3012 I ActivityManager: unbindService com.android.server.am.ActiveServices@d9c6b9e conn=android.app.LoadedApk$ServiceDispatcher$InnerConnection@f82c23d callingPid=1863 callers: com.android.server.job.JobServiceContext.handleFinishedLocked:1412 com.android.server.job.JobServiceContext.doCallbackLocked:1288 com.android.server.job.JobServiceContext.doJobFinished:848 com.android.server.job.JobServiceContext$JobCallback.jobFinished:315 android.app.job.IJobCallback$Stub.onTransact:313 android.os.Binder.execTransactInternal:1428 android.os.Binder.execTransact:1372 <bottom of call stack> <bottom of call stack> <bottom of call stack> 
02-18 15:16:57.979  1863  2225 I MiuiNetworkPolicy: updateUidState uid = 10243, uidState = 10
02-18 15:16:57.979  1863  2225 I MiuiNetworkPolicy: updateUidState uid = 10084, uidState = 10
02-18 15:16:57.982  1863  2225 I MiuiNetworkPolicy: updateUidState uid = 10243, uidState = 19
02-18 15:16:57.982  1863  2225 I MiuiNetworkPolicy: updateUidState uid = 10084, uidState = 19
02-18 15:16:58.016  1096  1154 D HfLooper: sensor 33171111 = 4840.000000 39.000000 0.000000 0.000000 0.000000 0.000000
02-18 15:16:58.020  1129  1201 D power@timer: [mtkPowerTimer] visRead:0
02-18 15:16:58.044  2811  3107 D JavaheapMonitor: Java heap used=16M max=256M, proc: com.android.phone
02-18 15:16:58.044  2811  3107 V JavaheapMonitor: Check java heap usage finished! Next check delay: 300000
02-18 15:16:58.066  1096  1154 D HfLooper: sensor 33171111 = 4836.000000 38.000000 0.000000 0.000000 0.000000 0.000000
02-18 15:16:58.077  1863  2120 I ActivityManager: unbindService com.android.server.am.ActiveServices@d9c6b9e conn=android.os.BinderProxy@c093b85 callingPid=29573
02-18 15:16:58.115  1096  1154 D HfLooper: sensor 33171111 = 4831.000000 38.000000 0.000000 0.000000 0.000000 0.000000
02-18 15:16:58.166  1096  1154 D HfLooper: sensor 33171111 = 4835.000000 38.000000 0.000000 0.000000 0.000000 0.000000
02-18 15:16:58.167  1506  2201 D libsensor-displayalgo: ScreenId = 0
02-18 15:16:58.216  1096  1154 D HfLooper: sensor 33171111 = 4836.000000 38.000000 0.000000 0.000000 0.000000 0.000000
02-18 15:16:58.217  1506  2201 D libsensor-displayalgo: ScreenId = 0
02-18 15:16:58.265  1096  1154 D HfLooper: sensor 33171111 = 4839.000000 39.000000 0.000000 0.000000 0.000000 0.000000
02-18 15:16:58.267  1506  2201 D libsensor-displayalgo: ScreenId = 0
02-18 15:16:58.267  1863  1926 D BatteryStatsManagerStub: audio off uid=1000
02-18 15:16:58.302  1863  3327 D SLM-SRV-SLAService: checktemp temperature = 34271 temperature_average = 34139 isPerformanceMode = false thermal_enable_slm = true
02-18 15:16:58.311  1419  1517 E mtk_storageproxyd: ipc-trustonic: ipc_trustonic_connect: Unable to resolve family name (-12)
02-18 15:16:58.316  1096  1154 D HfLooper: sensor 33171111 = 4838.000000 38.000000 0.000000 0.000000 0.000000 0.000000
02-18 15:16:58.317  1506  2201 D libsensor-displayalgo: Write:the value of channelCali ALS:471.2,IR:0.0,scales:1.000000, hsv: -1.000000
02-18 15:16:58.317  1506  2201 D libsensor-displayalgo: ScreenId = 0
02-18 15:16:58.365  1096  1154 D HfLooper: sensor 33171111 = 4832.000000 38.000000 0.000000 0.000000 0.000000 0.000000
02-18 15:16:58.366  1506  2201 D libsensor-displayalgo: ScreenId = 0
02-18 15:16:58.416  1096  1154 D HfLooper: sensor 33171111 = 4834.000000 38.000000 0.000000 0.000000 0.000000 0.000000
02-18 15:16:58.417  1506  2201 D libsensor-displayalgo: ScreenId = 0
02-18 15:16:58.466  1096  1154 D HfLooper: sensor 33171111 = 4835.000000 38.000000 0.000000 0.000000 0.000000 0.000000
02-18 15:16:58.467  1506  2201 D libsensor-displayalgo: ScreenId = 0
02-18 15:16:58.515  1096  1154 D HfLooper: sensor 33171111 = 4834.000000 38.000000 0.000000 0.000000 0.000000 0.000000
02-18 15:16:58.517  1506  2201 D libsensor-displayalgo: ScreenId = 0
02-18 15:16:58.566  1096  1154 D HfLooper: sensor 33171111 = 4836.000000 38.000000 0.000000 0.000000 0.000000 0.000000
02-18 15:16:58.567  1506  2201 D libsensor-displayalgo: Write:the value of channelCali ALS:471.2,IR:0.0,scales:1.000000, hsv: -1.000000
02-18 15:16:58.567  1506  2201 D libsensor-displayalgo: ScreenId = 0
02-18 15:16:58.618  1096  1154 D HfLooper: sensor 33171111 = 4834.000000 38.000000 0.000000 0.000000 0.000000 0.000000
02-18 15:16:58.619  1506  2201 D libsensor-displayalgo: ScreenId = 0
02-18 15:16:58.666  1096  1154 D HfLooper: sensor 33171111 = 4832.000000 39.000000 0.000000 0.000000 0.000000 0.000000
02-18 15:16:58.667  1506  2201 D libsensor-displayalgo: ScreenId = 0
02-18 15:16:58.684  1863  2225 I MiuiNetworkPolicy: bandwidth: 1 KB/s, Max bandwidth: 18750 KB/s
02-18 15:16:58.716  1096  1154 D HfLooper: sensor 33171111 = 4834.000000 38.000000 0.000000 0.000000 0.000000 0.000000
02-18 15:16:58.717  1506  2201 D libsensor-displayalgo: ScreenId = 0
02-18 15:16:58.766  1096  1154 D HfLooper: sensor 33171111 = 4838.000000 38.000000 0.000000 0.000000 0.000000 0.000000
02-18 15:16:58.767  1506  2201 D libsensor-displayalgo: ScreenId = 0
02-18 15:16:58.818  1096  1154 D HfLooper: sensor 33171111 = 4831.000000 38.000000 0.000000 0.000000 0.000000 0.000000
02-18 15:16:58.819  1506  2201 D libsensor-displayalgo: Write:the value of channelCali ALS:471.2,IR:0.0,scales:1.000000, hsv: -1.000000
02-18 15:16:58.819  1506  2201 D libsensor-displayalgo: ScreenId = 0
02-18 15:16:58.867  1096  1154 D HfLooper: sensor 33171111 = 4836.000000 38.000000 0.000000 0.000000 0.000000 0.000000
02-18 15:16:58.868  1506  2201 D libsensor-displayalgo: ScreenId = 0
02-18 15:16:58.905  1863 24210 D MiuiNM  : invalid statsEntry
02-18 15:16:58.907  1863  2236 E AmlWifiScoreReportInjector: current network is in roaming environment
02-18 15:16:58.909  1863  2236 D MiuiNM  : tcp fail rate reach: 100
02-18 15:16:58.911  1146  1146 E vendor.xiaomi.hardware.micharge-service: Cannot access sysfs node sys/devices/platform/soc/a600000.ssusb/super_speed
02-18 15:16:58.911  1863  1898 E IMiCharge: MiCharge method 36 val = 0
02-18 15:16:58.912  1863  1898 I SmartPower: com.miui.analytics/10141(27272): idle->background(4606ms) R(service start com.miui.analytics/.onetrack.TrackService) adj=0.
02-18 15:16:58.912  1863  1898 D ActivityManager: Logging startService for com.miui.analytics, stopped=false, firstLaunch=false, intent=Intent { act=onetrack.action.TRACK_EVENT flg=0x2 xflg=0x4 pkg=com.miui.analytics (has extras) }, r.app=ProcessRecord{25ecb61 27272:com.miui.analytics/u0a141}
02-18 15:16:58.916  1096  1154 D HfLooper: sensor 33171111 = 4838.000000 38.000000 0.000000 0.000000 0.000000 0.000000
02-18 15:16:58.918  1506  2201 D libsensor-displayalgo: ScreenId = 0
02-18 15:16:58.950  1168  1598 D AudioFlinger: updateActiveAudioState mLastActiveAudioState=1 isActiveAudio=1
02-18 15:16:58.951  1168  1601 D AudioFlinger: updateActiveAudioState mLastActiveAudioState=1 isActiveAudio=1
02-18 15:16:58.957  1168  1607 D AudioFlinger: updateActiveAudioState mLastActiveAudioState=1 isActiveAudio=1
02-18 15:16:58.958  1168  1606 D AudioFlinger: updateActiveAudioState mLastActiveAudioState=1 isActiveAudio=1
02-18 15:16:58.967  1096  1154 D HfLooper: sensor 33171111 = 4833.000000 39.000000 0.000000 0.000000 0.000000 0.000000
02-18 15:16:58.969  1506  2201 D libsensor-displayalgo: ScreenId = 0
02-18 15:16:59.021  1096  1154 D HfLooper: sensor 33171111 = 4836.000000 38.000000 0.000000 0.000000 0.000000 0.000000
02-18 15:16:59.022  1506  2201 D libsensor-displayalgo: ScreenId = 0
02-18 15:16:59.067  1096  1154 D HfLooper: sensor 33171111 = 4835.000000 38.000000 0.000000 0.000000 0.000000 0.000000
02-18 15:16:59.068  1506  2201 D libsensor-displayalgo: Write:the value of channelCali ALS:471.2,IR:0.0,scales:1.000000, hsv: -1.000000
02-18 15:16:59.068  1506  2201 D libsensor-displayalgo: ScreenId = 0
02-18 15:16:59.118  1096  1154 D HfLooper: sensor 33171111 = 4838.000000 38.000000 0.000000 0.000000 0.000000 0.000000
02-18 15:16:59.119  1506  2201 D libsensor-displayalgo: ScreenId = 0
02-18 15:16:59.167  1096  1154 D HfLooper: sensor 33171111 = 4831.000000 38.000000 0.000000 0.000000 0.000000 0.000000
02-18 15:16:59.168  1506  2201 D libsensor-displayalgo: ScreenId = 0
02-18 15:16:59.213  1296  1493 D connsyslogger: SD_LOG_ROOT is /data/debuglogger/connsyslog/fw.
02-18 15:16:59.213  1296  1493 D connsyslogger: systemReady:1
02-18 15:16:59.219  1096  1154 D HfLooper: sensor 33171111 = 4832.000000 39.000000 0.000000 0.000000 0.000000 0.000000
02-18 15:16:59.220  1506  2201 D libsensor-displayalgo: ScreenId = 0
02-18 15:16:59.266  1096  1153 W AString : ctor got NULL, using empty string instead
02-18 15:16:59.266  1096  1153 I SensorSavedChannel: [64,3,-108,-3058,-687,3930]==>gyro_temp.json
02-18 15:16:59.267  1096  1153 W AString : ctor got NULL, using empty string instead
02-18 15:16:59.267  1096  1153 I SensorSavedChannel: [-781,-556,178]==>gyro_bias.json
02-18 15:16:59.268  1096  1154 D HfLooper: sensor 33171111 = 4830.000000 38.000000 0.000000 0.000000 0.000000 0.000000
02-18 15:16:59.269  1506  2201 D libsensor-displayalgo: ScreenId = 0
02-18 15:16:59.312  1419  1517 E mtk_storageproxyd: ipc-trustonic: ipc_trustonic_connect: retry left 9
02-18 15:16:59.312  1419  1517 E mtk_storageproxyd: ipc-trustonic: ipc_trustonic_connect: Unable to resolve family name (-12)
02-18 15:16:59.318  1096  1154 D HfLooper: sensor 33171111 = 4827.000000 38.000000 0.000000 0.000000 0.000000 0.000000
02-18 15:16:59.320  1506  2201 D libsensor-displayalgo: Write:the value of channelCali ALS:471.2,IR:0.0,scales:1.000000, hsv: -1.000000
02-18 15:16:59.320  1506  2201 D libsensor-displayalgo: ScreenId = 0
02-18 15:16:59.340  1410  1870 D ULogGuard: Monitoring: 12 threads, 0 requests, 0 time-bombs; 15 guards. ResetFlags = 0x7
02-18 15:16:59.369  1096  1154 D HfLooper: sensor 33171111 = 4832.000000 39.000000 0.000000 0.000000 0.000000 0.000000
02-18 15:16:59.371  1506  2201 D libsensor-displayalgo: ScreenId = 0
02-18 15:16:59.417  1096  1154 D HfLooper: sensor 33171111 = 4833.000000 39.000000 0.000000 0.000000 0.000000 0.000000
02-18 15:16:59.419  1506  2201 D libsensor-displayalgo: ScreenId = 0
02-18 15:16:59.468  1096  1154 D HfLooper: sensor 33171111 = 4825.000000 38.000000 0.000000 0.000000 0.000000 0.000000
02-18 15:16:59.469  1506  2201 D libsensor-displayalgo: ScreenId = 0
02-18 15:16:59.517  1096  1154 D HfLooper: sensor 33171111 = 4825.000000 38.000000 0.000000 0.000000 0.000000 0.000000
02-18 15:16:59.519  1506  2201 D libsensor-displayalgo: ScreenId = 0
02-18 15:16:59.565  1096  1154 D HfLooper: sensor 33171111 = 4832.000000 38.000000 0.000000 0.000000 0.000000 0.000000
02-18 15:16:59.567  1506  2201 D libsensor-displayalgo: Write:the value of channelCali ALS:471.2,IR:0.0,scales:1.000000, hsv: -1.000000
02-18 15:16:59.567  1506  2201 D libsensor-displayalgo: ScreenId = 0
02-18 15:16:59.586  1082  9905 D AudioALSAStreamOut: standby(), flag 2
02-18 15:16:59.586  1082  9905 D AudioALSAStreamOut: standbyStreamOut(), halRequest 0, mDestroy 0, flag 2
02-18 15:16:59.586  1082  9905 D AudioALSAStreamOut: close_l(), flags 2
02-18 15:16:59.586  1082  9905 D AudioALSAHardware: -mAudioALSAHardware(0xb400007be2c9f9c0)
02-18 15:16:59.586  1082  9905 D AudioALSAHardware: [DEBUG] setDeviceStatusChanged: devices=[0x2], isOpen=[0], isFast=[0]
02-18 15:16:59.586  1082  9905 D AudioALSAHardware: [DEBUG] setCachedParam2soundfx: targetScenario PLAYBACK_NORMAL
02-18 15:16:59.586  1082  9905 I android.hardware.audio.service.mediatek: misound_arsi_set_key_value_pair(), key value pair = MisoundEnable=0
02-18 15:16:59.586  1082  9905 I android.hardware.audio.service.mediatek: misound_arsi_set_key_value_pair(), key: MisoundEnable
02-18 15:16:59.586  1082  9905 I android.hardware.audio.service.mediatek: misound_arsi_set_key_value_pair(), value: 0
02-18 15:16:59.586  1082  9905 I android.hardware.audio.service.mediatek: misound FxEnable setparam: 0
02-18 15:16:59.586  1082  9905 D aurisys_lib_handler: lib_name misound, 0xb400007ba2c9ec70, ADB_CMD_KEY_VALUE: set 512, 15, MisoundEnable=0, retval 0
02-18 15:16:59.586  1082  9905 D AudioALSAHardware: [DEBUG] setCachedParam2soundfx: mMisoundEnable is 0
02-18 15:16:59.586  1082  9905 D AudioALSAStreamOut: closeWavDump(), flag 2, mBytesWavDumpWritten = 0, format = 3, channels = 2, sample_rate = 48000
02-18 15:16:59.586  1082  9905 D AudioALSAHardwareResourceManager: +stopOutputDeviceWithoutNotify(), mOutputDevices = 0x2, mStartOutputDevicesCount = 1
02-18 15:16:59.586  1082  9905 D AudioSmartPaController: +dspOnBoardSpeakerOff()
02-18 15:16:59.586  1082  9905 D AudioDspStreamManager: +stopDevice() Devices 0x2 mOutputDeviceCount 0x1
02-18 15:16:59.586  1082  9905 D WCNChipController: IsBTI2SSupport(), BTChipHWInterface() = 3, ret = 0
02-18 15:16:59.586  1082  9905 D AudioDspStreamManager: dataPassToCodec output_devices = 0x2 mAudioOutputFlags = 2 devicecount = 1 ret = 1
02-18 15:16:59.586  1082  9905 D AudioDspStreamManager: dataPasstoDspAfe output_devices = 0x2 Flags = 2 isUseAdspPlaybackTask = 1 ret = 1
02-18 15:16:59.586  1082  9905 D audio_messenger_ipi: hal send, task: 9, msg_id: 0x10, ack_type: 0, p1: 0x0, p2: 0x0
02-18 15:16:59.586  1082  9905 D AudioDspStreamManager: -triggerDsp task_scene = 9 data_type = 16
02-18 15:16:59.586  1082  9905 D AudioDspStreamManager: stopTasks_l() mDspStreamState = DSP_STREAM_STOP
02-18 15:16:59.586  1082  9905 D AudioDspStreamManager: -stopDevice() Devices 0x2
02-18 15:16:59.596  1082  9905 D AudioALSAPlaybackHandlerDsp: -closePcmDriver(), mPcm = 0x0
02-18 15:16:59.596  1082  9905 D audio_messenger_ipi: hal send, task: 13, msg_id: 0x16, ack_type: 1, p1: 0x0, p2: 0x0
02-18 15:16:59.596  1082  9905 D aurisys_lib_manager: delete_aurisys_lib_manager(), manager 0xb400007c22cb05f0
02-18 15:16:59.596  1082  9905 D AudioALSAPlaybackHandlerBase: audiodumphal, CloseWAVDumpDSP() flag 2, task_scene = 13
02-18 15:16:59.596  1082  9905 D audio_messenger_ipi: audio_ipi_dma_cbk_deregister(), task 13
02-18 15:16:59.597  1082  9905 D AudioDspStreamManager: setDspRuntimeEn(), task_scene = 13, condition = 0
02-18 15:16:59.597  1082  9905 D AudioDspStreamManager: removePlaybackHandler() mDspMusicStreamState = DSP_STREAM_STOP
02-18 15:16:59.597  1082  9905 D AudioDspStreamManager: removePlaybackHandler() mOutputDeviceCount 0x0
02-18 15:16:59.619  1096  1154 D HfLooper: sensor 33171111 = 4829.000000 39.000000 0.000000 0.000000 0.000000 0.000000
02-18 15:16:59.620  1506  2201 D libsensor-displayalgo: ScreenId = 0
02-18 15:16:59.651  4261  4261 I MBrainServer: [INFO] MStaticInfoCenter.cpp:911 IsMBrainEnabled: disable MBrain, dynamic close
02-18 15:16:59.666  1096  1154 D HfLooper: sensor 33171111 = 4831.000000 39.000000 0.000000 0.000000 0.000000 0.000000
02-18 15:16:59.668  1506  2201 D libsensor-displayalgo: ScreenId = 0
02-18 15:16:59.716  1096  1154 D HfLooper: sensor 33171111 = 4831.000000 38.000000 0.000000 0.000000 0.000000 0.000000
02-18 15:16:59.717  1506  2201 D libsensor-displayalgo: ScreenId = 0
02-18 15:16:59.766  1096  1154 D HfLooper: sensor 33171111 = 4829.000000 38.000000 0.000000 0.000000 0.000000 0.000000
02-18 15:16:59.767  1423  2237 D AALLightSensor: oldLux=59 [SA:-1 LA:-1] newLux=59 (oriLux: 59)
02-18 15:16:59.767  1082  9905 D AudioALSADeviceConfigManager: ApplyDeviceTurnoffSequenceByName(), DeviceName = PLAYBACK11_TO_I2S1 descriptor->DeviceStatusCounter = 1, Ctlsize=4
02-18 15:16:59.768  1082  9905 D AudioALSADeviceConfigManager: ApplyDeviceTurnoffSequenceByName(), DeviceName = TINYCONN_I2S2_TO_CAPTURE4 descriptor->DeviceStatusCounter = 1, Ctlsize=4
02-18 15:16:59.768  1082  9905 D audio_messenger_ipi: hal send, task: 9, msg_id: 0x16, ack_type: 1, p1: 0x0, p2: 0x0
02-18 15:16:59.768  1506  2201 D libsensor-displayalgo: ScreenId = 0
02-18 15:16:59.769  1082  9905 D aurisys_lib_manager: delete_aurisys_lib_manager(), manager 0xb400007c22cafd30
02-18 15:16:59.769  1082  9905 D audio_messenger_ipi: audio_ipi_dma_cbk_deregister(), task 9
02-18 15:16:59.769  1082  9905 D AudioALSAPlaybackHandlerBase: ClosePCMDumpDSP() flag 2, task_scene = 9
02-18 15:16:59.769  1082  9905 D AudioDspStreamManager: -closePlaybackTask(), mDspTaskPlaybackActive = 0, mPlaybackUlPcm = 0x0 mPlaybackDlPcm = 0x0, mDspPcm = 0x0
02-18 15:16:59.769  1082  9905 D AudioALSAHardwareResourceManager: notifyOutputDeviceStatusChange(), device = 2, status = 1, sampleRate = 0, mOpenSpeakerPathCount = 0
02-18 15:16:59.769  1082  9905 D AudioALSAStreamManager: speakerStatusChangeCb(), status = 1, sampleRate = 0
02-18 15:16:59.769  1082  9905 D AudioALSAVoiceWakeUpController: updateSpeakerPlaybackStatus(), isSpeakerPlaying = 0
02-18 15:16:59.769  1082  9905 D AudioALSAVoiceWakeUpController: +setBargeInEnable(), enable = 0
02-18 15:16:59.782  1082  9905 D AudioALSAVoiceWakeUpController: setBargeInEnable(), VOW_BARGEIN_OFF set, irq = 26, ret = 0
02-18 15:16:59.783  1082  9905 D AudioALSADeviceConfigManager: ApplyDeviceTurnoffSequenceByName(), DeviceName = VOW_BARGE_IN_ECHO_SPEAKER_HIFI3 descriptor->DeviceStatusCounter = 1, Ctlsize=14
02-18 15:16:59.783  1082  9905 D AudioALSAVoiceWakeUpController: -setBargeInEnable(), mBargeInPcm = 0x0, mBargeInEnable = 0
02-18 15:16:59.783  1082  9905 D audio_messenger_ipi: hal send, task: 7, msg_id: 0x16, ack_type: 1, p1: 0x0, p2: 0x0
02-18 15:16:59.784  1082  9905 D aurisys_lib_manager: delete_aurisys_lib_manager(), manager 0xb400007c22cb30d0
02-18 15:16:59.784  1082  9905 D audio_messenger_ipi: audio_ipi_dma_cbk_deregister(), task 7
02-18 15:16:59.785  1082  9905 D AudioALSAPlaybackHandlerBase: DestroyAurisysLibManager()
02-18 15:16:59.785  1082  9905 I android.hardware.audio.service.mediatek: mi_lrswitch_destroy_handler mi_lrswitch_destroy_handler
02-18 15:16:59.785  1082  9905 D aurisys_lib_handler: aurisys_arsi_destroy_handler(), lib_name misoundcrossfade, 0xb400007ba2cac860, arsi_destroy_handler, arsi_handler = 0xb400007d32ca8710, retval = 0
02-18 15:16:59.785  1082  9905 I android.hardware.audio.service.mediatek: misound4_arsi_destroy_handler misound_arsi_destroy_handler
02-18 15:16:59.785  1082  9905 D aurisys_lib_handler: aurisys_arsi_destroy_handler(), lib_name misound, 0xb400007ba2c9ec70, arsi_destroy_handler, arsi_handler = 0xb400007d82ca4ee0, retval = 0
02-18 15:16:59.785  1082  9905 D aurisys_lib_manager: delete_aurisys_lib_manager(), manager 0xb400007c22cb0190
02-18 15:16:59.785  1082  9905 D AudioALSAPlaybackHandlerBase: closeWavDump()
02-18 15:16:59.785  1082  9905 D AudioALSAPlaybackHandlerBase: closeWavDump(), flag 2, mBytesWavDumpWritten = 0, format = 4, channels = 2, sample_rate = 48000
02-18 15:16:59.785  1082  9905 D AudioALSAPlaybackHandlerBase: ClosePCMDumpDSP() flag 2, task_scene = 7
02-18 15:16:59.785  1082  9905 D AudioUtility: ~AudioThrottleTimeControl()
02-18 15:16:59.785  1082  9905 D AudioALSAPlaybackHandlerDsp: -close(), flag 0x2, mDevice = 0x2
02-18 15:16:59.785  1082  9905 D AudioUtility: power_hal_hint - custPowerHint 38, data 0
02-18 15:16:59.785  1082  9905 D AudioALSAPlaybackHandlerDsp: ~AudioALSAPlaybackHandlerDsp()
02-18 15:16:59.785  1082  9905 D AudioALSAStreamManager: routingOutputDeviceForIEMs()
02-18 15:16:59.785  1082  9905 D AudioIEMsController: routing(+), cur out 0x0 in 0x0, hs 0, bt 0, usb 0, device 0x2, mask 0x1, on 0
02-18 15:16:59.785  1082  9905 D AudioIEMsController: routing(-), cur out 0x0 in 0x0
02-18 15:16:59.786  1082  9905 I EffectsFactory: Effect_Command(): self = 0xb400007c62ca3e50, cmdCode = 23
02-18 15:16:59.786  1082  9905 V EffectMiSound: MiSound_command() start, cmdCode=23
02-18 15:16:59.786  1082  9905 V EffectMiSound: MiSound_Command EFFECT_CMD_SET_AUDIO_STANDBY, current mode = 0
02-18 15:16:59.786  1168  1593 D AudioFlinger: updateActiveAudioState mLastActiveAudioState=1 isActiveAudio=0
02-18 15:16:59.817  1096  1154 D HfLooper: sensor 33171111 = 4828.000000 38.000000 0.000000 0.000000 0.000000 0.000000
02-18 15:16:59.819  1506  2201 D libsensor-displayalgo: Write:the value of channelCali ALS:471.2,IR:0.0,scales:1.000000, hsv: -1.000000
02-18 15:16:59.819  1506  2201 D libsensor-displayalgo: ScreenId = 0
02-18 15:16:59.867  1096  1154 D HfLooper: sensor 33171111 = 4830.000000 38.000000 0.000000 0.000000 0.000000 0.000000
02-18 15:16:59.868  1506  2201 D libsensor-displayalgo: ScreenId = 0
02-18 15:16:59.917  1096  1154 D HfLooper: sensor 33171111 = 4830.000000 38.000000 0.000000 0.000000 0.000000 0.000000
02-18 15:16:59.918  1506  2201 D libsensor-displayalgo: ScreenId = 0
02-18 15:16:59.929  1863  3751 I ActivityManager: unbindService com.android.server.am.ActiveServices@d9c6b9e conn=android.os.BinderProxy@a51c715 callingPid=30651
02-18 15:16:59.967  1096  1154 D HfLooper: sensor 33171111 = 4829.000000 38.000000 0.000000 0.000000 0.000000 0.000000
02-18 15:16:59.968  1506  2201 D libsensor-displayalgo: ScreenId = 0
02-18 15:17:00.000  1863  2157 E AlarmManager: not align this alarm: Alarm{6c54409 type 3 origWhen 234416312 whenElapsed 234416312 android}, reason=0
02-18 15:17:00.000  1863  2157 D AlarmManager: mBroadcastRefCount -> 1
02-18 15:17:00.000  1863  2157 I PowerManagerServiceImpl: Partial wakeLock:[PARTIAL_WAKE_LOCK                 '*alarm*' (uid=1000 pid=1863 pkg=android ws=WorkSource{1000 chains=WorkChain{(10117), (1000, JobScheduler)}})], disabled: true, procState: 0, reason: PowerKeeper
02-18 15:17:00.001  1863  1863 D AlarmManager: mBroadcastRefCount -> 0
02-18 15:17:00.001  1863  1863 D AlarmManager: mPendingIntent -> null
02-18 15:17:00.001  1863  1929 D BroadcastQueue: Logging broadcast for com.android.systemui, stopped=false, firstLaunch=false
02-18 15:17:00.002  1863  1929 D BroadcastQueue: Logging broadcast for com.android.systemui, stopped=false, firstLaunch=false
02-18 15:17:00.002  1863  1929 D BroadcastQueue: Logging broadcast for com.android.systemui, stopped=false, firstLaunch=false
02-18 15:17:00.003  1863  1929 D BroadcastQueue: Logging broadcast for com.android.systemui, stopped=false, firstLaunch=false
02-18 15:17:00.003  1863  1929 D BroadcastQueue: Logging broadcast for com.android.systemui, stopped=false, firstLaunch=false
02-18 15:17:00.006  1863  3574 I NetworkAccelerateSwitchService: EVENT_RSSI_POLL. mRssiPoll=true
02-18 15:17:00.006  2466  2471 D WifiHAL : WifiRequest::create vendor command to iface 36, vendor_id=0x1a11, subcmd=0x1200, res=0
02-18 15:17:00.006  2466  2471 I WifiHAL : WifiCommand::requestResponse err=-14
02-18 15:17:00.006  1863  3574 E WifiStaIfaceAidlImpl: getLinkLayerStats failed with service-specific exception: android.os.ServiceSpecificException: unknown (code 9)
02-18 15:17:00.006  1863  3574 E NetworkSDKService: mMiuiWlanLayerQoE == null
02-18 15:17:00.006  2840  2840 D NotificationHeaderExpandController: onExpansionChanged: progress =  0.0
02-18 15:17:00.006  1863  3574 I NetworkAccelerateSwitchService: checkWifiRssiAndLinkSpeed rssi:41
02-18 15:17:00.006  1863  3574 I NetworkAccelerateSwitchService: checkWifiRssiAndLinkSpeed mWifiFastFade:false mWifiFastFadeAdjustThreshold:false
02-18 15:17:00.006  1863  3574 I NetworkAccelerateSwitchService: getAverageWifiRssi:41
02-18 15:17:00.007  1863  3574 D NetworkAccelerateSwitchService: checkIntervalModeChange mMovementState:false mIntervalMode:0 mIsBadLinkLayerQoE:false mBadLinkLayerQoETimes = 0
02-18 15:17:00.007  2840  2840 D NotificationHeaderExpandController: onExpansionChanged: progress =  0.0
02-18 15:17:00.004  1197  1197 W binder:1197_5: type=1400 audit(0.0:1466023): avc:  denied  { search } for  name="mcd" dev="dm-57" ino=1171 scontext=u:r:surfaceflinger:s0 tcontext=u:object_r:mcd_data_file:s0 tclass=dir permissive=0
02-18 15:17:00.008  1197  1197 W binder:1197_5: type=1400 audit(0.0:1466024): avc:  denied  { search } for  name="mcd" dev="dm-57" ino=1171 scontext=u:r:surfaceflinger:s0 tcontext=u:object_r:mcd_data_file:s0 tclass=dir permissive=0
02-18 15:17:00.012  2840  2840 D MiuiClockController: Listener updateTime
02-18 15:17:00.013  2840  2840 D ClassicClockBaseView: mNeedShowTimeView2=false mTimeView2=[]
02-18 15:17:00.013  2840  2840 E AnimationHelper: updateTime sToAod:false mHasNotification: true, mClockType: classic_plus
02-18 15:17:00.013  2840  2840 D MiuiClockController: Listener updateTime
02-18 15:17:00.017  1096  1154 D HfLooper: sensor 33171111 = 4825.000000 38.000000 0.000000 0.000000 0.000000 0.000000
02-18 15:17:00.018  1506  2201 D libsensor-displayalgo: ScreenId = 0
02-18 15:17:00.022  1197  1197 I BufferQueueProducer: [StatusBar1#133](this:0xb400006f6e81b680,id:-1,api:0,p:-1,c:1197) queueBuffer: fps=3.09 dur=4530.95 max=3564.71 min=16.33
02-18 15:17:00.022  1197  1197 I BufferQueueProducer: [StatusBar#128](this:0xb400006f6e7b7bd0,id:-1,api:0,p:-1,c:1197) queueBuffer: fps=1.14 dur=3514.93 max=3464.92 min=16.52
02-18 15:17:00.022  1197  1197 I BufferQueueProducer: [NotificationShade#18317](this:0xb400006f6e89b8d0,id:-1,api:0,p:-1,c:1197) queueBuffer: fps=10.38 dur=3564.77 max=2965.35 min=16.36
02-18 15:17:00.022  1197  1197 D CompositionEngine: AodOverrideCEHelper 1 setEnabled
02-18 15:17:00.023  1197  1197 E HwcComposer: presentOrValidateDisplay 0 presentFence:-1
02-18 15:17:00.024  1197  1197 I BufferQueueProducer: [FramebufferSurface](this:0xb400006f8e4f9c50,id:-1,api:1,p:1197,c:1197) queueBuffer: fps=2.11 dur=2849.63 max=2416.59 min=16.32
02-18 15:17:00.024  1089  1128 I hwcomposer: [HWCDisplay] [Display_0 (type:1, mode:2)] fps:0.413784,dur:2416.72,max:2416.72,min:2416.72  
02-18 15:17:00.025  1089  1574 I android.hardware.graphics.composer@3.2-service: Sensor: notify citsensorservice to trigger cwb
02-18 15:17:00.025  1506  2192 D libsensor-displayalgo: mframeBufferManager request
02-18 15:17:00.025  1506  2195 D libsensor-frameBufferManager: request dump start
02-18 15:17:00.025  1506  2195 D libcomposer_ext: ClientImplAidl::getDispDumpEnable()
02-18 15:17:00.025  1089  1128 D libcomposer_ext: DeviceImplAidl::syncPerform(13), client_handle: 1
02-18 15:17:00.025  1089  1128 D libcomposer_ext: DeviceImplAidl::DeviceClientContextAidl::ParseGetDispDumpEnable()
02-18 15:17:00.025  1089  1128 I hwcomposer: [HWC] getDispDumpEnable(), client(1), dpy 1, enable 1, (0,0,200,200), (200, 200), 3  
02-18 15:17:00.025  1089  1128 I hwcomposer: [DISP_DUMP] setEnable(), client(1), dpy(0), enable 1/0, src(0, 0, 200, 200), dst(200, 200), fmt 0x3  
02-18 15:17:00.025  1089  1128 I hwcomposer: [HWC] getDispDumpEnable(), register to client callback with client(1), disp(0)  
02-18 15:17:00.026  1506  2195 D libsensor-frameBufferManager: frameBufferManager_sensor_debug : first_time getDispDump Enable ret = 0
02-18 15:17:00.026  1506  2195 D libcomposer_ext: ClientImplAidl::getDispDump(), dpy 1, dst (200, 200), dump_point 1, release_fence -1
02-18 15:17:00.026  1089  1089 D libcomposer_ext: DeviceImplAidl::syncPerform(14), client_handle: 1
02-18 15:17:00.026  1089  1089 D libcomposer_ext: DeviceImplAidl::DeviceClientContextAidl::ParseGetDispDump()
02-18 15:17:00.026  1089  1089 D libcomposer_ext: DeviceImplAidl::ParseGetDispDump(), dpy 1, dst (200, 200), dump_point 1
02-18 15:17:00.026  1089  1089 I hwcomposer: [HWC] getDispDump(), client(1), dpy 1, (400,93,600,293), (200, 200), (1, 2), (-1), (-1), (0xb40000749d979710)  
02-18 15:17:00.026  1089  1089 I hwcomposer: [DISP_DUMP] setDumpBuf(), client(1), dpy(0), src(400, 93, 600, 293), dst(200, 200), (1, 2), -1, (-1), (0xb40000749d979710)  
02-18 15:17:00.026  1089  1089 I hwcomposer: [HWC] (0)fire a callback of refresh to SF[9]  
02-18 15:17:00.038  1197  1197 D CompositionEngine: AodOverrideCEHelper 1 setEnabled
02-18 15:17:00.039  1197  1197 E HwcComposer: presentOrValidateDisplay 0 presentFence:-1
02-18 15:17:00.040  1089  1089 D libcomposer_ext: DeviceImplAidl::DeviceClientContextAidl::NotifyDispDumpReady(), client_handle:1, buffer:0xb40000749d97a130, fence:213, period16666667
02-18 15:17:00.040  1506  2192 D libcomposer_ext: ClientCallbackAidl::asyncPerform(15)
02-18 15:17:00.040  1506  2192 D libcomposer_ext: ClientImplAidl::ParseNotifyDispDumpReady()
02-18 15:17:00.067  1096  1154 D HfLooper: sensor 33171111 = 4829.000000 38.000000 0.000000 0.000000 0.000000 0.000000
02-18 15:17:00.068  1506  2201 D libsensor-displayalgo: Write:the value of channelCali ALS:471.2,IR:0.0,scales:1.000000, hsv: -1.000000
02-18 15:17:00.068  1506  2201 D libsensor-displayalgo: ScreenId = 0
02-18 15:17:00.070  1506  2192 D libcomposer_ext: ClientImplAidl::getDispDumpEnable()
02-18 15:17:00.070  1089  1089 D libcomposer_ext: DeviceImplAidl::syncPerform(13), client_handle: 1
02-18 15:17:00.070  1089  1089 D libcomposer_ext: DeviceImplAidl::DeviceClientContextAidl::ParseGetDispDumpEnable()
02-18 15:17:00.071  1089  1089 I hwcomposer: [HWC] getDispDumpEnable(), client(1), dpy 1, enable 0, (0,0,200,200), (200, 200), 3  
02-18 15:17:00.071  1089  1089 I hwcomposer: [DISP_DUMP] setEnable(), client(1), dpy(0), enable 0/1, src(0, 0, 200, 200), dst(200, 200), fmt 0x3  
02-18 15:17:00.071  1089  1089 I hwcomposer: [HWC] getDispDumpEnable(), register to client callback with client(1), disp(0)  
02-18 15:17:00.071  1506  2192 D libsensor-frameBufferManager: frameBufferManager_sensor_debug : getDispDump_Disable ret = 0
02-18 15:17:00.072  1506  2196 D libsensor-parseRGB: the value of RGB [194.940577 192.056384 186.741807], powPara: 1.525000
02-18 15:17:00.117  1096  1154 D HfLooper: sensor 33171111 = 4833.000000 38.000000 0.000000 0.000000 0.000000 0.000000
02-18 15:17:00.167  1096  1154 D HfLooper: sensor 33171111 = 4830.000000 38.000000 0.000000 0.000000 0.000000 0.000000
02-18 15:17:00.168  1506  2201 D libsensor-displayalgo: ScreenId = 0
02-18 15:17:00.183  1089  1592 I hwcomposer: [HWC] (0)fire a callback of refresh to SF[4]  
02-18 15:17:00.188  1197  1197 D CompositionEngine: AodOverrideCEHelper 1 setEnabled
02-18 15:17:00.189  1197  1197 E HwcComposer: presentOrValidateDisplay 0 presentFence:-1
02-18 15:17:00.219  1096  1154 D HfLooper: sensor 33171111 = 4828.000000 38.000000 0.000000 0.000000 0.000000 0.000000
02-18 15:17:00.267  1096  1154 D HfLooper: sensor 33171111 = 4829.000000 38.000000 0.000000 0.000000 0.000000 0.000000
02-18 15:17:00.312  1419  1517 E mtk_storageproxyd: ipc-trustonic: ipc_trustonic_connect: retry left 8
02-18 15:17:00.313  1419  1517 E mtk_storageproxyd: ipc-trustonic: ipc_trustonic_connect: Unable to resolve family name (-12)
02-18 15:17:00.317  1096  1154 D HfLooper: sensor 33171111 = 4826.000000 38.000000 0.000000 0.000000 0.000000 0.000000
02-18 15:17:00.367  1096  1154 D HfLooper: sensor 33171111 = 4829.000000 38.000000 0.000000 0.000000 0.000000 0.000000
02-18 15:17:00.417  1096  1154 D HfLooper: sensor 33171111 = 4832.000000 39.000000 0.000000 0.000000 0.000000 0.000000
02-18 15:17:00.468  1096  1154 D HfLooper: sensor 33171111 = 4836.000000 39.000000 0.000000 0.000000 0.000000 0.000000
02-18 15:17:00.517  1096  1154 D HfLooper: sensor 33171111 = 4837.000000 39.000000 0.000000 0.000000 0.000000 0.000000
02-18 15:17:00.567  1096  1154 D HfLooper: sensor 33171111 = 4834.000000 38.000000 0.000000 0.000000 0.000000 0.000000
02-18 15:17:00.617  1096  1154 D HfLooper: sensor 33171111 = 4834.000000 38.000000 0.000000 0.000000 0.000000 0.000000
02-18 15:17:00.668  1096  1154 D HfLooper: sensor 33171111 = 4835.000000 38.000000 0.000000 0.000000 0.000000 0.000000
02-18 15:17:00.684  1863  2409 I SmartPower: com.android.vending/10117(27929): background->idle(3001ms) R(service create com.android.vending/com.google.android.finsky.scheduler.process.mainimpl.PhoneskyJobServiceMain) adj=250.
02-18 15:17:00.688  1863  2409 I SmartPower: com.miui.cleanmaster/10243(31952): background->idle(3000ms) R(service create com.miui.cleanmaster/com.miui.optimizecenter.cloudcontrol.CloudControlSyncJobService) adj=905.
02-18 15:17:00.717  1096  1154 D HfLooper: sensor 33171111 = 4833.000000 39.000000 0.000000 0.000000 0.000000 0.000000
02-18 15:17:00.719  1506  2201 D libsensor-displayalgo: ScreenId = 0
02-18 15:17:00.767  1096  1154 D HfLooper: sensor 33171111 = 4829.000000 38.000000 0.000000 0.000000 0.000000 0.000000
02-18 15:17:00.769  1506  2201 D libsensor-displayalgo: ScreenId = 0
02-18 15:17:00.817  1096  1154 D HfLooper: sensor 33171111 = 4833.000000 38.000000 0.000000 0.000000 0.000000 0.000000
02-18 15:17:00.819  1506  2201 D libsensor-displayalgo: ScreenId = 0
02-18 15:17:00.867  1096  1154 D HfLooper: sensor 33171111 = 4836.000000 38.000000 0.000000 0.000000 0.000000 0.000000
02-18 15:17:00.868  1506  2201 D libsensor-displayalgo: Write:the value of channelCali ALS:471.2,IR:0.0,scales:1.000000, hsv: -1.000000
02-18 15:17:00.868  1506  2201 D libsensor-displayalgo: ScreenId = 0
02-18 15:17:00.900  6451  7964 I lyra-disc: DiscoveryDataNormal::OnCheckAdvertisingReceived:354 now=234357212, next check after 30010 ms
02-18 15:17:00.910  1296  1497 D connsyslogger: idx=0 Bootup Log: 2 log files! filecount=3 
02-18 15:17:00.910  1296  1497 D connsyslogger: idx=1 Bootup Log: 2 log files! filecount=3 
02-18 15:17:00.912  1296  1495 I connsyslogger: thrLogWriter: LogBuf=226.845703KB,idx=0
02-18 15:17:00.917  1096  1154 D HfLooper: sensor 33171111 = 4829.000000 39.000000 0.000000 0.000000 0.000000 0.000000
02-18 15:17:00.918  1506  2201 D libsensor-displayalgo: ScreenId = 0
02-18 15:17:00.939 16134  8530 W AOSP-MdnsDiscoveryManag: Error while decoding multicast packet (11440): 1 [CONTEXT service_id=168 ]
02-18 15:17:00.967  1096  1154 D HfLooper: sensor 33171111 = 4833.000000 38.000000 0.000000 0.000000 0.000000 0.000000
02-18 15:17:00.968  1506  2201 D libsensor-displayalgo: ScreenId = 0
02-18 15:17:00.979  1863  1921 D AES     : AEEIOCTL_GET/SET_SF_STATE IOCTL,cmd= 1074294797, lParam=0. 
02-18 15:17:00.979  1863  1921 D AES     : AEEIOCTL_RT_MON_Kick IOCTL,cmd= 2147774474, lParam=300. 
02-18 15:17:01.009 16134  8530 W AOSP-MdnsDiscoveryManag: Error while decoding multicast packet (11441): 1 [CONTEXT service_id=168 ]
02-18 15:17:01.017  1096  1154 D HfLooper: sensor 33171111 = 4838.000000 39.000000 0.000000 0.000000 0.000000 0.000000
02-18 15:17:01.018  1506  2201 D libsensor-displayalgo: ScreenId = 0
02-18 15:17:01.067  1096  1154 D HfLooper: sensor 33171111 = 4828.000000 38.000000 0.000000 0.000000 0.000000 0.000000
02-18 15:17:01.068  1506  2201 D libsensor-displayalgo: ScreenId = 0
02-18 15:17:01.112  5370  6187 D JavaheapMonitor: Java heap used=20M max=256M, proc: com.miui.personalassistant
02-18 15:17:01.112  5370  6187 V JavaheapMonitor: Check java heap usage finished! Next check delay: 300000
02-18 15:17:01.117  1096  1154 D HfLooper: sensor 33171111 = 4830.000000 38.000000 0.000000 0.000000 0.000000 0.000000
02-18 15:17:01.118  1506  2201 D libsensor-displayalgo: Write:the value of channelCali ALS:471.2,IR:0.0,scales:1.000000, hsv: -1.000000
02-18 15:17:01.118  1506  2201 D libsensor-displayalgo: ScreenId = 0
02-18 15:17:01.167  1096  1154 D HfLooper: sensor 33171111 = 4830.000000 38.000000 0.000000 0.000000 0.000000 0.000000
02-18 15:17:01.169  1506  2201 D libsensor-displayalgo: ScreenId = 0
02-18 15:17:01.184 16134  8530 W AOSP-MdnsDiscoveryManag: Error while decoding multicast packet (11442): 1 [CONTEXT service_id=168 ]
02-18 15:17:01.213  1296  1493 D connsyslogger: SD_LOG_ROOT is /data/debuglogger/connsyslog/fw.
02-18 15:17:01.213  1296  1493 D connsyslogger: systemReady:1
02-18 15:17:01.214 16134  8530 W AOSP-MdnsDiscoveryManag: Error while decoding multicast packet (11443): 1 [CONTEXT service_id=168 ]
02-18 15:17:01.217  1096  1154 D HfLooper: sensor 33171111 = 4830.000000 38.000000 0.000000 0.000000 0.000000 0.000000
02-18 15:17:01.218  1506  2201 D libsensor-displayalgo: ScreenId = 0
02-18 15:17:01.241  2690  3263 W BluetoothMetricsLogger: MetricsLogger isn't initialized
